###############################################################################
#
# IAR ELF Linker V7.70.1.11437/W32 for ARM                31/Oct/2016  10:06:08
# Copyright 2007-2016 IAR Systems AB.
#
#    Output file  =  
#        C:\Users\Administrator\Desktop\RobotArm\Project\IAR\Debug\Exe\RobotArm.out
#    Map file     =  
#        C:\Users\Administrator\Desktop\RobotArm\Project\IAR\Debug\List\RobotArm.map
#    Command line =  
#        C:\Users\Administrator\Desktop\RobotArm\Project\IAR\Debug\Obj\app.o
#        C:\Users\Administrator\Desktop\RobotArm\Project\IAR\Debug\Obj\cpu_a.o
#        C:\Users\Administrator\Desktop\RobotArm\Project\IAR\Debug\Obj\cpu_c.o
#        C:\Users\Administrator\Desktop\RobotArm\Project\IAR\Debug\Obj\cpu_core.o
#        C:\Users\Administrator\Desktop\RobotArm\Project\IAR\Debug\Obj\lib_ascii.o
#        C:\Users\Administrator\Desktop\RobotArm\Project\IAR\Debug\Obj\lib_math.o
#        C:\Users\Administrator\Desktop\RobotArm\Project\IAR\Debug\Obj\lib_mem.o
#        C:\Users\Administrator\Desktop\RobotArm\Project\IAR\Debug\Obj\lib_mem_a.o
#        C:\Users\Administrator\Desktop\RobotArm\Project\IAR\Debug\Obj\lib_str.o
#        C:\Users\Administrator\Desktop\RobotArm\Project\IAR\Debug\Obj\misc.o
#        C:\Users\Administrator\Desktop\RobotArm\Project\IAR\Debug\Obj\os_core.o
#        C:\Users\Administrator\Desktop\RobotArm\Project\IAR\Debug\Obj\os_cpu_a.o
#        C:\Users\Administrator\Desktop\RobotArm\Project\IAR\Debug\Obj\os_cpu_c.o
#        C:\Users\Administrator\Desktop\RobotArm\Project\IAR\Debug\Obj\os_dbg_r.o
#        C:\Users\Administrator\Desktop\RobotArm\Project\IAR\Debug\Obj\os_flag.o
#        C:\Users\Administrator\Desktop\RobotArm\Project\IAR\Debug\Obj\os_mbox.o
#        C:\Users\Administrator\Desktop\RobotArm\Project\IAR\Debug\Obj\os_mem.o
#        C:\Users\Administrator\Desktop\RobotArm\Project\IAR\Debug\Obj\os_mutex.o
#        C:\Users\Administrator\Desktop\RobotArm\Project\IAR\Debug\Obj\os_q.o
#        C:\Users\Administrator\Desktop\RobotArm\Project\IAR\Debug\Obj\os_sem.o
#        C:\Users\Administrator\Desktop\RobotArm\Project\IAR\Debug\Obj\os_task.o
#        C:\Users\Administrator\Desktop\RobotArm\Project\IAR\Debug\Obj\os_time.o
#        C:\Users\Administrator\Desktop\RobotArm\Project\IAR\Debug\Obj\os_tmr.o
#        C:\Users\Administrator\Desktop\RobotArm\Project\IAR\Debug\Obj\RobotArmCtrlBoard.o
#        C:\Users\Administrator\Desktop\RobotArm\Project\IAR\Debug\Obj\Servo.o
#        C:\Users\Administrator\Desktop\RobotArm\Project\IAR\Debug\Obj\startup_stm32f10x_md.o
#        C:\Users\Administrator\Desktop\RobotArm\Project\IAR\Debug\Obj\stm32f10x_dbgmcu.o
#        C:\Users\Administrator\Desktop\RobotArm\Project\IAR\Debug\Obj\stm32f10x_gpio.o
#        C:\Users\Administrator\Desktop\RobotArm\Project\IAR\Debug\Obj\stm32f10x_it.o
#        C:\Users\Administrator\Desktop\RobotArm\Project\IAR\Debug\Obj\stm32f10x_rcc.o
#        C:\Users\Administrator\Desktop\RobotArm\Project\IAR\Debug\Obj\stm32f10x_tim.o
#        C:\Users\Administrator\Desktop\RobotArm\Project\IAR\Debug\Obj\stm32f10x_usart.o
#        C:\Users\Administrator\Desktop\RobotArm\Project\IAR\Debug\Obj\system_stm32f10x.o
#        -o
#        C:\Users\Administrator\Desktop\RobotArm\Project\IAR\Debug\Exe\RobotArm.out
#        --map
#        C:\Users\Administrator\Desktop\RobotArm\Project\IAR\Debug\List\RobotArm.map
#        --config "C:\Program Files (x86)\IAR Systems\Embedded Workbench
#        7.5\arm\config\linker\ST\stm32f103x8.icf" --semihosting --entry
#        __iar_program_start --vfe
#
###############################################################################

*******************************************************************************
*** RUNTIME MODEL ATTRIBUTES
***

CppFlavor       = *
__SystemLibrary = DLib


*******************************************************************************
*** PLACEMENT SUMMARY
***

"A0":  place at 0x08000000 { ro section .intvec };
"P1":  place in [from 0x08000000 to 0x0800ffff] { ro };
"P2":  place in [from 0x20000000 to 0x20004fff] { rw, block CSTACK, block HEAP };
initialize by copy { rw };

  Section            Kind        Address    Size  Object
  -------            ----        -------    ----  ------
"A0":                                       0xec
  .intvec            ro code  0x08000000    0xec  startup_stm32f10x_md.o [1]
                            - 0x080000ec    0xec

"P1":                                     0x3c22
  .text              ro code  0x080000ec   0x93c  os_core.o [1]
  CODE               ro code  0x08000a28    0xd0  os_cpu_a.o [1]
  .text              ro code  0x08000af8   0x130  os_cpu_c.o [1]
  .text              ro code  0x08000c28   0x5e2  os_flag.o [1]
  .rodata            const    0x0800120a     0x2  os_dbg_r.o [1]
  .text              ro code  0x0800120c   0x118  os_dbg_r.o [1]
  .text              ro code  0x08001324    0xcc  os_time.o [1]
  .text              ro code  0x080013f0   0x3f8  os_task.o [1]
  .text              ro code  0x080017e8   0x4f0  Servo.o [1]
  .text              ro code  0x08001cd8    0xfe  stm32f10x_usart.o [1]
  .rodata            const    0x08001dd6     0x2  os_dbg_r.o [1]
  .text              ro code  0x08001dd8    0x30  I32ToDbl.o [4]
  .text              ro code  0x08001e08   0x1a2  DblMul.o [4]
  .rodata            const    0x08001faa     0x2  os_dbg_r.o [1]
  .text              ro code  0x08001fac    0xe8  DblAdd.o [4]
  .text              ro code  0x08002094    0x90  DblToFlt.o [4]
  .text              ro code  0x08002124    0x24  FltCmpLe.o [4]
  .text              ro code  0x08002148    0xe6  FltSub.o [4]
  .rodata            const    0x0800222e     0x2  os_dbg_r.o [1]
  .text              ro code  0x08002230    0xfc  FltDiv.o [4]
  .text              ro code  0x0800232c    0x2e  I32ToFlt.o [4]
  .rodata            const    0x0800235a     0x2  os_dbg_r.o [1]
  .text              ro code  0x0800235c    0xd8  FltMul.o [4]
  .text              ro code  0x08002434    0x84  FltAdd.o [4]
  .text              ro code  0x080024b8    0x44  FltToS32.o [4]
  .text              ro code  0x080024fc    0x4e  FltToDbl.o [4]
  .rodata            const    0x0800254a     0x2  os_dbg_r.o [1]
  .text              ro code  0x0800254c   0x256  DblDiv.o [4]
  .rodata            const    0x080027a2     0x2  os_dbg_r.o [1]
  .text              ro code  0x080027a4   0x19e  os_sem.o [1]
  .rodata            const    0x08002942     0x2  os_dbg_r.o [1]
  .text              ro code  0x08002944    0x24  ABIassert.o [6]
  .text              ro code  0x08002968   0x37c  stm32f10x_tim.o [1]
  .text              ro code  0x08002ce4   0x118  stm32f10x_rcc.o [1]
  .text              ro code  0x08002dfc   0x16c  DblSub.o [4]
  .text              ro code  0x08002f68     0x6  abort.o [3]
  .rodata            const    0x08002f6e     0x2  os_dbg_r.o [1]
  .text              ro code  0x08002f70    0x14  exit.o [6]
  .text              ro code  0x08002f84   0x2f4  app.o [1]
  CODE               ro code  0x08003278    0x34  cpu_a.o [1]
  .text              ro code  0x080032ac   0x26c  RobotArmCtrlBoard.o [1]
  .text              ro code  0x08003518    0xc6  stm32f10x_gpio.o [1]
  .rodata            const    0x080035de     0x2  os_dbg_r.o [1]
  .text              ro code  0x080035e0   0x158  system_stm32f10x.o [1]
  .rodata            const    0x08003738   0x100  os_core.o [1]
  .text              ro code  0x08003838    0x78  lz77_init_single.o [5]
  .text              ro code  0x080038b0    0x40  zero_init3.o [5]
  .rodata            const    0x080038f0    0x3c  app.o [1]
  .rodata            const    0x0800392c    0x34  Servo.o [1]
  .text              ro code  0x08003960    0x28  data_init.o [5]
  .iar.init_table    const    0x08003988    0x20  - Linker created -
  .rodata            const    0x080039a8    0x20  app.o [1]
  .text              ro code  0x080039c8    0x1a  cmain.o [5]
  .text              ro code  0x080039e2     0x4  low_level_init.o [3]
  .text              ro code  0x080039e6     0x4  exit.o [3]
  .rodata            const    0x080039ea     0x2  os_dbg_r.o [1]
  .text              ro code  0x080039ec     0xa  cexit.o [5]
  .rodata            const    0x080039f6     0x2  os_dbg_r.o [1]
  .rodata            const    0x080039f8    0x14  app.o [1]
  .rodata            const    0x08003a0c    0x14  Servo.o [1]
  .rodata            const    0x08003a20    0x10  app.o [1]
  .rodata            const    0x08003a30    0x10  os_core.o [1]
  .rodata            const    0x08003a40    0x10  os_core.o [1]
  .text              ro code  0x08003a50    0x10  startup_stm32f10x_md.o [1]
  .text              ro code  0x08003a60     0xe  stm32f10x_it.o [1]
  .rodata            const    0x08003a6e     0x2  os_dbg_r.o [1]
  .rodata            const    0x08003a70     0xc  app.o [1]
  .rodata            const    0x08003a7c     0xc  app.o [1]
  .rodata            const    0x08003a88     0xc  Servo.o [1]
  .rodata            const    0x08003a94     0xc  Servo.o [1]
  .rodata            const    0x08003aa0     0xc  Servo.o [1]
  .rodata            const    0x08003aac     0xc  Servo.o [1]
  .rodata            const    0x08003ab8     0xc  Servo.o [1]
  .rodata            const    0x08003ac4     0xc  Servo.o [1]
  .rodata            const    0x08003ad0     0xc  Servo.o [1]
  .rodata            const    0x08003adc     0xc  Servo.o [1]
  .rodata            const    0x08003ae8     0xc  Servo.o [1]
  .rodata            const    0x08003af4     0xc  Servo.o [1]
  .text              ro code  0x08003b00     0xc  cstartup_M.o [5]
  .rodata            const    0x08003b0c     0x8  app.o [1]
  .rodata            const    0x08003b14     0x8  Servo.o [1]
  .rodata            const    0x08003b1c     0x8  Servo.o [1]
  .rodata            const    0x08003b24     0x8  Servo.o [1]
  .rodata            const    0x08003b2c     0x8  Servo.o [1]
  .rodata            const    0x08003b34     0x8  Servo.o [1]
  .rodata            const    0x08003b3c     0x8  Servo.o [1]
  .rodata            const    0x08003b44     0x8  Servo.o [1]
  .rodata            const    0x08003b4c     0x8  Servo.o [1]
  .rodata            const    0x08003b54     0x8  Servo.o [1]
  .rodata            const    0x08003b5c     0x8  Servo.o [1]
  .rodata            const    0x08003b64     0x4  os_dbg_r.o [1]
  .text              ro code  0x08003b68     0x4  startup_stm32f10x_md.o [1]
  .text              ro code  0x08003b6c     0x4  startup_stm32f10x_md.o [1]
  .text              ro code  0x08003b70     0x4  startup_stm32f10x_md.o [1]
  .text              ro code  0x08003b74     0x4  startup_stm32f10x_md.o [1]
  .text              ro code  0x08003b78     0x4  startup_stm32f10x_md.o [1]
  .text              ro code  0x08003b7c     0x4  startup_stm32f10x_md.o [1]
  .text              ro code  0x08003b80     0x4  startup_stm32f10x_md.o [1]
  .text              ro code  0x08003b84     0x4  startup_stm32f10x_md.o [1]
  .text              ro code  0x08003b88     0x4  startup_stm32f10x_md.o [1]
  .text              ro code  0x08003b8c     0x4  startup_stm32f10x_md.o [1]
  .text              ro code  0x08003b90     0x4  startup_stm32f10x_md.o [1]
  .text              ro code  0x08003b94     0x4  startup_stm32f10x_md.o [1]
  .text              ro code  0x08003b98     0x4  startup_stm32f10x_md.o [1]
  .text              ro code  0x08003b9c     0x4  startup_stm32f10x_md.o [1]
  .text              ro code  0x08003ba0     0x4  startup_stm32f10x_md.o [1]
  .text              ro code  0x08003ba4     0x4  startup_stm32f10x_md.o [1]
  .text              ro code  0x08003ba8     0x4  startup_stm32f10x_md.o [1]
  .text              ro code  0x08003bac     0x4  startup_stm32f10x_md.o [1]
  .text              ro code  0x08003bb0     0x4  startup_stm32f10x_md.o [1]
  .text              ro code  0x08003bb4     0x4  startup_stm32f10x_md.o [1]
  .text              ro code  0x08003bb8     0x4  startup_stm32f10x_md.o [1]
  .text              ro code  0x08003bbc     0x4  startup_stm32f10x_md.o [1]
  .text              ro code  0x08003bc0     0x4  startup_stm32f10x_md.o [1]
  .text              ro code  0x08003bc4     0x4  startup_stm32f10x_md.o [1]
  .text              ro code  0x08003bc8     0x4  startup_stm32f10x_md.o [1]
  .text              ro code  0x08003bcc     0x4  startup_stm32f10x_md.o [1]
  .text              ro code  0x08003bd0     0x4  startup_stm32f10x_md.o [1]
  .text              ro code  0x08003bd4     0x4  startup_stm32f10x_md.o [1]
  .text              ro code  0x08003bd8     0x4  startup_stm32f10x_md.o [1]
  .text              ro code  0x08003bdc     0x4  startup_stm32f10x_md.o [1]
  .text              ro code  0x08003be0     0x4  startup_stm32f10x_md.o [1]
  .text              ro code  0x08003be4     0x4  startup_stm32f10x_md.o [1]
  .text              ro code  0x08003be8     0x4  startup_stm32f10x_md.o [1]
  .text              ro code  0x08003bec     0x4  startup_stm32f10x_md.o [1]
  .text              ro code  0x08003bf0     0x4  startup_stm32f10x_md.o [1]
  .text              ro code  0x08003bf4     0x4  startup_stm32f10x_md.o [1]
  .text              ro code  0x08003bf8     0x4  startup_stm32f10x_md.o [1]
  .text              ro code  0x08003bfc     0x4  startup_stm32f10x_md.o [1]
  .text              ro code  0x08003c00     0x4  startup_stm32f10x_md.o [1]
  .text              ro code  0x08003c04     0x4  startup_stm32f10x_md.o [1]
  .text              ro code  0x08003c08     0x4  startup_stm32f10x_md.o [1]
  .text              ro code  0x08003c0c     0x4  startup_stm32f10x_md.o [1]
  .text              ro code  0x08003c10     0x4  startup_stm32f10x_md.o [1]
  .text              ro code  0x08003c14     0x4  startup_stm32f10x_md.o [1]
  .text              ro code  0x08003c18     0x4  startup_stm32f10x_md.o [1]
  .text              ro code  0x08003c1c     0x4  startup_stm32f10x_md.o [1]
  .text              ro code  0x08003c20     0x4  startup_stm32f10x_md.o [1]
  .text              ro code  0x08003c24     0x4  startup_stm32f10x_md.o [1]
  .text              ro code  0x08003c28     0x4  startup_stm32f10x_md.o [1]
  .text              ro code  0x08003c2c     0x4  startup_stm32f10x_md.o [1]
  .text              ro code  0x08003c30     0x4  startup_stm32f10x_md.o [1]
  .text              ro code  0x08003c34     0x4  startup_stm32f10x_md.o [1]
  .rodata            const    0x08003c38     0x2  os_dbg_r.o [1]
  .rodata            const    0x08003c3a     0x2  os_dbg_r.o [1]
  .rodata            const    0x08003c3c     0x2  os_dbg_r.o [1]
  .rodata            const    0x08003c3e     0x2  os_dbg_r.o [1]
  .rodata            const    0x08003c40     0x2  os_dbg_r.o [1]
  .rodata            const    0x08003c42     0x2  os_dbg_r.o [1]
  .rodata            const    0x08003c44     0x2  os_dbg_r.o [1]
  .rodata            const    0x08003c46     0x2  os_dbg_r.o [1]
  .rodata            const    0x08003c48     0x2  os_dbg_r.o [1]
  .rodata            const    0x08003c4a     0x2  os_dbg_r.o [1]
  .rodata            const    0x08003c4c     0x2  os_dbg_r.o [1]
  .rodata            const    0x08003c4e     0x2  os_dbg_r.o [1]
  .rodata            const    0x08003c50     0x2  os_dbg_r.o [1]
  .rodata            const    0x08003c52     0x2  os_dbg_r.o [1]
  .rodata            const    0x08003c54     0x2  os_dbg_r.o [1]
  .rodata            const    0x08003c56     0x2  os_dbg_r.o [1]
  .rodata            const    0x08003c58     0x2  os_dbg_r.o [1]
  .rodata            const    0x08003c5a     0x2  os_dbg_r.o [1]
  .rodata            const    0x08003c5c     0x2  os_dbg_r.o [1]
  .rodata            const    0x08003c5e     0x2  os_dbg_r.o [1]
  .rodata            const    0x08003c60     0x2  os_dbg_r.o [1]
  .rodata            const    0x08003c62     0x2  os_dbg_r.o [1]
  .rodata            const    0x08003c64     0x2  os_dbg_r.o [1]
  .rodata            const    0x08003c66     0x2  os_dbg_r.o [1]
  .rodata            const    0x08003c68     0x2  os_dbg_r.o [1]
  .rodata            const    0x08003c6a     0x2  os_dbg_r.o [1]
  .rodata            const    0x08003c6c     0x2  os_dbg_r.o [1]
  .rodata            const    0x08003c6e     0x2  os_dbg_r.o [1]
  .rodata            const    0x08003c70     0x2  os_dbg_r.o [1]
  .rodata            const    0x08003c72     0x2  os_dbg_r.o [1]
  .rodata            const    0x08003c74     0x2  os_dbg_r.o [1]
  .rodata            const    0x08003c76     0x2  os_dbg_r.o [1]
  .rodata            const    0x08003c78     0x0  zero_init3.o [5]
  .rodata            const    0x08003c78     0x0  lz77_init_single.o [5]
  Initializer bytes  const    0x08003c78    0x96  <for P2-1>
                            - 0x08003d0e  0x3c22

"P2", part 1 of 3:                         0x1f4
  P2-1                        0x20000000   0x1f4  <Init block>
    .data            inited   0x20000000    0x28  Servo.o [1]
    .data            inited   0x20000028    0x28  Servo.o [1]
    .data            inited   0x20000050    0x28  Servo.o [1]
    .data            inited   0x20000078    0x28  Servo.o [1]
    .data            inited   0x200000a0    0x28  Servo.o [1]
    .data            inited   0x200000c8    0x28  Servo.o [1]
    .data            inited   0x200000f0    0x28  Servo.o [1]
    .data            inited   0x20000118    0x28  Servo.o [1]
    .data            inited   0x20000140    0x28  Servo.o [1]
    .data            inited   0x20000168    0x28  Servo.o [1]
    .data            inited   0x20000190    0x28  Servo.o [1]
    .data            inited   0x200001b8    0x28  Servo.o [1]
    .data            inited   0x200001e0    0x10  stm32f10x_rcc.o [1]
    .data            inited   0x200001f0     0x4  stm32f10x_rcc.o [1]
                            - 0x200001f4   0x1f4

"P2", part 2 of 3:                         0x800
  CSTACK                      0x200001f8   0x800  <Block>
    CSTACK           uninit   0x200001f8   0x800  <Block tail>
                            - 0x200009f8   0x800

"P2", part 3 of 3:                        0x2ad0
  .bss               zero     0x200009f8  0x1400  app.o [1]
  .bss               zero     0x20001df8   0x738  os_core.o [1]
  .bss               zero     0x20002530   0x400  os_cpu_c.o [1]
  .bss               zero     0x20002930   0x200  app.o [1]
  .bss               zero     0x20002b30   0x200  app.o [1]
  .bss               zero     0x20002d30   0x200  os_core.o [1]
  .bss               zero     0x20002f30   0x200  os_core.o [1]
  .bss               zero     0x20003130   0x1e0  os_core.o [1]
  .bss               zero     0x20003310   0x100  os_core.o [1]
  .bss               zero     0x20003410    0x28  Servo.o [1]
  .bss               zero     0x20003438    0x28  Servo.o [1]
  .bss               zero     0x20003460    0x20  os_core.o [1]
  .bss               zero     0x20003480     0x8  os_core.o [1]
  .bss               zero     0x20003488     0x4  app.o [1]
  .bss               zero     0x2000348c     0x4  os_core.o [1]
  .bss               zero     0x20003490     0x4  os_core.o [1]
  .bss               zero     0x20003494     0x4  os_core.o [1]
  .bss               zero     0x20003498     0x4  os_core.o [1]
  .bss               zero     0x2000349c     0x4  os_core.o [1]
  .bss               zero     0x200034a0     0x4  os_core.o [1]
  .bss               zero     0x200034a4     0x4  os_core.o [1]
  .bss               zero     0x200034a8     0x4  os_core.o [1]
  .bss               zero     0x200034ac     0x4  os_core.o [1]
  .bss               zero     0x200034b0     0x4  os_core.o [1]
  .bss               zero     0x200034b4     0x4  os_core.o [1]
  .bss               zero     0x200034b8     0x4  os_cpu_c.o [1]
  .bss               zero     0x200034bc     0x1  os_core.o [1]
  .bss               zero     0x200034bd     0x1  os_core.o [1]
  .bss               zero     0x200034be     0x1  os_core.o [1]
  .bss               zero     0x200034bf     0x1  os_core.o [1]
  .bss               zero     0x200034c0     0x1  os_core.o [1]
  .bss               zero     0x200034c1     0x1  os_core.o [1]
  .bss               zero     0x200034c2     0x1  os_core.o [1]
  .bss               zero     0x200034c3     0x1  os_core.o [1]
  .bss               zero     0x200034c4     0x1  os_core.o [1]
  .bss               zero     0x200034c5     0x1  os_core.o [1]
  .bss               zero     0x200034c6     0x1  os_core.o [1]
                            - 0x200034c7  0x2acf


*******************************************************************************
*** INIT TABLE
***

          Address     Size
          -------     ----
Zero (__iar_zero_init3)
    1 destination range, total size 0x2acf:
          0x200009f8  0x2acf

Copy/lz77 (__iar_lz77_init_single3)
    1 source range, total size 0x96 (30% of destination):
          0x08003c78    0x96
    1 destination range, total size 0x1f4:
          0x20000000   0x1f4



*******************************************************************************
*** MODULE SUMMARY
***

    Module                  ro code  ro data  rw data
    ------                  -------  -------  -------
C:\Users\Administrator\Desktop\RobotArm\Project\IAR\Debug\Obj: [1]
    RobotArmCtrlBoard.o         620
    Servo.o                   1 264      416      560
    app.o                       756      160    6 148
    cpu_a.o                      52
    os_core.o                 2 364      288    3 703
    os_cpu_a.o                  208
    os_cpu_c.o                  304             1 028
    os_dbg_r.o                  280       94
    os_flag.o                 1 506
    os_sem.o                    414
    os_task.o                 1 016
    os_time.o                   204
    startup_stm32f10x_md.o      460
    stm32f10x_gpio.o            198
    stm32f10x_it.o               14
    stm32f10x_rcc.o             280        6       20
    stm32f10x_tim.o             892
    stm32f10x_usart.o           254
    system_stm32f10x.o          344
    -------------------------------------------------
    Total:                   11 430      964   11 459

command line: [2]
    -------------------------------------------------
    Total:

dl7M_tlf.a: [3]
    abort.o                       6
    exit.o                        4
    low_level_init.o              4
    -------------------------------------------------
    Total:                       14

m7M_tl.a: [4]
    DblAdd.o                    232
    DblDiv.o                    598
    DblMul.o                    418
    DblSub.o                    364
    DblToFlt.o                  144
    FltAdd.o                    132
    FltCmpLe.o                   36
    FltDiv.o                    252
    FltMul.o                    216
    FltSub.o                    230
    FltToDbl.o                   78
    FltToS32.o                   68
    I32ToDbl.o                   48
    I32ToFlt.o                   46
    -------------------------------------------------
    Total:                    2 862

rt7M_tl.a: [5]
    cexit.o                      10
    cmain.o                      26
    cstartup_M.o                 12
    data_init.o                  40
    lz77_init_single.o          120
    zero_init3.o                 64
    -------------------------------------------------
    Total:                      272

shb_l.a: [6]
    ABIassert.o                  36
    exit.o                       20
    -------------------------------------------------
    Total:                       56

    Linker created                        32    2 048
-----------------------------------------------------
    Grand Total:             14 634      996   13 507


*******************************************************************************
*** ENTRY LIST
***

Entry                      Address    Size  Type      Object
-----                      -------    ----  ----      ------
.iar.init_table$$Base   0x08003988           --   Gb  - Linker created -
.iar.init_table$$Limit  0x080039a8           --   Gb  - Linker created -
?main                   0x080039c9          Code  Gb  cmain.o [5]
ADCPrescTable           0x200001f0     0x4  Data  Lc  stm32f10x_rcc.o [1]
APBAHBPrescTable        0x200001e0    0x10  Data  Lc  stm32f10x_rcc.o [1]
App_EventCreate         0x08003031    0xb6  Code  Lc  app.o [1]
App_TaskCreate          0x080030e7   0x102  Code  Lc  app.o [1]
App_TaskStart           0x08002ff9    0x38  Code  Lc  app.o [1]
App_TaskStartStk        0x20002930   0x200  Data  Lc  app.o [1]
App_Task_ServoMove      0x0800326d     0xc  Code  Lc  app.o [1]
App_Task_ServoMove_Stk  0x200009f8  0x1400  Data  Lc  app.o [1]
App_Task_ServoUpdate    0x080031e9    0x3a  Code  Lc  app.o [1]
App_Task_ServoUpdate_Stk
                        0x20002b30   0x200  Data  Lc  app.o [1]
BSP_Init                0x08003509    0x10  Code  Gb  RobotArmCtrlBoard.o [1]
BusFault_Handler        0x08003a67     0x2  Code  Gb  stm32f10x_it.o [1]
CPU_CntLeadZeros        0x08003297          Code  Gb  cpu_a.o [1]
CPU_CntTrailZeros       0x0800329d          Code  Gb  cpu_a.o [1]
CPU_IntDis              0x08003279          Code  Gb  cpu_a.o [1]
CPU_IntEn               0x0800327d          Code  Gb  cpu_a.o [1]
CPU_RevBits             0x080032a7          Code  Gb  cpu_a.o [1]
CPU_SR_Restore          0x08003289          Code  Gb  cpu_a.o [1]
CPU_SR_Save             0x08003281          Code  Gb  cpu_a.o [1]
CPU_WaitForExcept       0x08003293          Code  Gb  cpu_a.o [1]
CPU_WaitForInt          0x0800328f          Code  Gb  cpu_a.o [1]
CSTACK$$Base            0x200001f8           --   Gb  - Linker created -
CSTACK$$Limit           0x200009f8           --   Gb  - Linker created -
DebugMon_Handler        0x08003a6d     0x2  Code  Gb  stm32f10x_it.o [1]
GPIO_Init               0x08003519    0xc0  Code  Gb  stm32f10x_gpio.o [1]
GPIO_ResetBits          0x080035d9     0x6  Code  Gb  stm32f10x_gpio.o [1]
HardFault_Handler       0x08003a63     0x2  Code  Gb  stm32f10x_it.o [1]
LED_Init                0x080034c1    0x32  Code  Gb  RobotArmCtrlBoard.o [1]
MemManage_Handler       0x08003a65     0x2  Code  Gb  stm32f10x_it.o [1]
NMI_Handler             0x08003a61     0x2  Code  Gb  stm32f10x_it.o [1]
OSCPUUsage              0x200034bc     0x1  Data  Gb  os_core.o [1]
OSCtxSw                 0x08000a8d          Code  Gb  os_cpu_a.o [1]
OSCtxSwCtr              0x2000348c     0x4  Data  Gb  os_core.o [1]
OSDataSize              0x08003c76     0x2  Data  Gb  os_dbg_r.o [1]
OSDebugEn               0x0800120a     0x2  Data  Gb  os_dbg_r.o [1]
OSDebugInit             0x0800120d   0x118  Code  Gb  os_dbg_r.o [1]
OSEndiannessTest        0x08003b64     0x4  Data  Gb  os_dbg_r.o [1]
OSEventEn               0x08001dd6     0x2  Data  Gb  os_dbg_r.o [1]
OSEventFreeList         0x20003490     0x4  Data  Gb  os_core.o [1]
OSEventMax              0x08001faa     0x2  Data  Gb  os_dbg_r.o [1]
OSEventMultiEn          0x080027a2     0x2  Data  Gb  os_dbg_r.o [1]
OSEventNameEn           0x0800222e     0x2  Data  Gb  os_dbg_r.o [1]
OSEventNameSet          0x080000ed    0x38  Code  Gb  os_core.o [1]
OSEventSize             0x0800235a     0x2  Data  Gb  os_dbg_r.o [1]
OSEventTbl              0x20003130   0x1e0  Data  Gb  os_core.o [1]
OSEventTblSize          0x0800254a     0x2  Data  Gb  os_dbg_r.o [1]
OSFlagCreate            0x08000c29    0x5a  Code  Gb  os_flag.o [1]
OSFlagEn                0x08002942     0x2  Data  Gb  os_dbg_r.o [1]
OSFlagFreeList          0x20003494     0x4  Data  Gb  os_core.o [1]
OSFlagGrpSize           0x08002f6e     0x2  Data  Gb  os_dbg_r.o [1]
OSFlagMax               0x080039f6     0x2  Data  Gb  os_dbg_r.o [1]
OSFlagNameEn            0x08003a6e     0x2  Data  Gb  os_dbg_r.o [1]
OSFlagNameSet           0x08000c83    0x3a  Code  Gb  os_flag.o [1]
OSFlagNodeSize          0x080035de     0x2  Data  Gb  os_dbg_r.o [1]
OSFlagPend              0x08000cc5   0x296  Code  Gb  os_flag.o [1]
OSFlagPost              0x08000f5b   0x138  Code  Gb  os_flag.o [1]
OSFlagTbl               0x20003460    0x20  Data  Gb  os_core.o [1]
OSFlagWidth             0x080039ea     0x2  Data  Gb  os_dbg_r.o [1]
OSIdleCtr               0x200034a0     0x4  Data  Gb  os_core.o [1]
OSIdleCtrMax            0x20003498     0x4  Data  Gb  os_core.o [1]
OSIdleCtrRun            0x2000349c     0x4  Data  Gb  os_core.o [1]
OSInit                  0x08000125    0x2c  Code  Gb  os_core.o [1]
OSInitHookBegin         0x08000af9    0x28  Code  Gb  os_cpu_c.o [1]
OSInitHookEnd           0x08000b21     0x2  Code  Gb  os_cpu_c.o [1]
OSIntCtxSw              0x08000a95          Code  Gb  os_cpu_a.o [1]
OSIntEnter              0x08000151    0x24  Code  Gb  os_core.o [1]
OSIntExit               0x08000175    0x94  Code  Gb  os_core.o [1]
OSIntNesting            0x200034be     0x1  Data  Gb  os_core.o [1]
OSLockNesting           0x200034bf     0x1  Data  Gb  os_core.o [1]
OSLowestPrio            0x08003c38     0x2  Data  Gb  os_dbg_r.o [1]
OSMboxEn                0x08003c3a     0x2  Data  Gb  os_dbg_r.o [1]
OSMemEn                 0x08003c3c     0x2  Data  Gb  os_dbg_r.o [1]
OSMemMax                0x08003c3e     0x2  Data  Gb  os_dbg_r.o [1]
OSMemNameEn             0x08003c40     0x2  Data  Gb  os_dbg_r.o [1]
OSMemSize               0x08003c42     0x2  Data  Gb  os_dbg_r.o [1]
OSMemTblSize            0x08003c44     0x2  Data  Gb  os_dbg_r.o [1]
OSMutexEn               0x08003c46     0x2  Data  Gb  os_dbg_r.o [1]
OSPrioCur               0x200034c0     0x1  Data  Gb  os_core.o [1]
OSPrioHighRdy           0x200034c1     0x1  Data  Gb  os_core.o [1]
OSPtrSize               0x08003c48     0x2  Data  Gb  os_dbg_r.o [1]
OSQEn                   0x08003c4a     0x2  Data  Gb  os_dbg_r.o [1]
OSQMax                  0x08003c4c     0x2  Data  Gb  os_dbg_r.o [1]
OSQSize                 0x08003c4e     0x2  Data  Gb  os_dbg_r.o [1]
OSRdyGrp                0x200034c2     0x1  Data  Gb  os_core.o [1]
OSRdyTbl                0x20003480     0x8  Data  Gb  os_core.o [1]
OSRdyTblSize            0x08003c50     0x2  Data  Gb  os_dbg_r.o [1]
OSRunning               0x200034c3     0x1  Data  Gb  os_core.o [1]
OSSemCreate             0x080027a5    0x4c  Code  Gb  os_sem.o [1]
OSSemEn                 0x08003c52     0x2  Data  Gb  os_dbg_r.o [1]
OSSemPend               0x080027f1    0xe2  Code  Gb  os_sem.o [1]
OSSemPost               0x080028e9    0x5a  Code  Gb  os_sem.o [1]
OSStart                 0x08000209    0x42  Code  Gb  os_core.o [1]
OSStartHighRdy          0x08000a37          Code  Gb  os_cpu_a.o [1]
OSStatInit              0x0800024b    0x3e  Code  Gb  os_core.o [1]
OSStatRdy               0x200034bd     0x1  Data  Gb  os_core.o [1]
OSStkWidth              0x08003c54     0x2  Data  Gb  os_dbg_r.o [1]
OSTCBCur                0x200034a4     0x4  Data  Gb  os_core.o [1]
OSTCBFreeList           0x200034a8     0x4  Data  Gb  os_core.o [1]
OSTCBHighRdy            0x200034ac     0x4  Data  Gb  os_core.o [1]
OSTCBInitHook           0x08000bb7     0x2  Code  Gb  os_cpu_c.o [1]
OSTCBList               0x200034b0     0x4  Data  Gb  os_core.o [1]
OSTCBPrioTbl            0x20003310   0x100  Data  Gb  os_core.o [1]
OSTCBPrioTblMax         0x08003c6c     0x2  Data  Gb  os_dbg_r.o [1]
OSTCBSize               0x08003c6e     0x2  Data  Gb  os_dbg_r.o [1]
OSTCBTbl                0x20001df8   0x738  Data  Gb  os_core.o [1]
OSTaskCreateEn          0x08003c56     0x2  Data  Gb  os_dbg_r.o [1]
OSTaskCreateExt         0x080013f1    0xc0  Code  Gb  os_task.o [1]
OSTaskCreateExtEn       0x08003c58     0x2  Data  Gb  os_dbg_r.o [1]
OSTaskCreateHook        0x08000b23     0x2  Code  Gb  os_cpu_c.o [1]
OSTaskCtr               0x200034c4     0x1  Data  Gb  os_core.o [1]
OSTaskDel               0x080014b1   0x176  Code  Gb  os_task.o [1]
OSTaskDelEn             0x08003c5a     0x2  Data  Gb  os_dbg_r.o [1]
OSTaskDelHook           0x08000b25     0x2  Code  Gb  os_cpu_c.o [1]
OSTaskIdleHook          0x08000b27     0x2  Code  Gb  os_cpu_c.o [1]
OSTaskIdleStk           0x20002f30   0x200  Data  Gb  os_core.o [1]
OSTaskIdleStkSize       0x08003c5c     0x2  Data  Gb  os_dbg_r.o [1]
OSTaskMax               0x08003c60     0x2  Data  Gb  os_dbg_r.o [1]
OSTaskNameEn            0x08003c62     0x2  Data  Gb  os_dbg_r.o [1]
OSTaskNameSet           0x08001627    0x5a  Code  Gb  os_task.o [1]
OSTaskProfileEn         0x08003c5e     0x2  Data  Gb  os_dbg_r.o [1]
OSTaskRegNextAvailID    0x200034c6     0x1  Data  Gb  os_core.o [1]
OSTaskReturnHook        0x08000b29     0x2  Code  Gb  os_cpu_c.o [1]
OSTaskStatEn            0x08003c64     0x2  Data  Gb  os_dbg_r.o [1]
OSTaskStatHook          0x08000b2b     0x2  Code  Gb  os_cpu_c.o [1]
OSTaskStatStk           0x20002d30   0x200  Data  Gb  os_core.o [1]
OSTaskStatStkChkEn      0x08003c68     0x2  Data  Gb  os_dbg_r.o [1]
OSTaskStatStkSize       0x08003c66     0x2  Data  Gb  os_dbg_r.o [1]
OSTaskStkChk            0x08001681    0x72  Code  Gb  os_task.o [1]
OSTaskStkInit           0x08000b2d    0x88  Code  Gb  os_cpu_c.o [1]
OSTaskSuspend           0x080016f9    0x9e  Code  Gb  os_task.o [1]
OSTaskSwHook            0x08000bb5     0x2  Code  Gb  os_cpu_c.o [1]
OSTaskSwHookEn          0x08003c6a     0x2  Data  Gb  os_dbg_r.o [1]
OSTickStepState         0x200034c5     0x1  Data  Gb  os_core.o [1]
OSTicksPerSec           0x08003c70     0x2  Data  Gb  os_dbg_r.o [1]
OSTime                  0x200034b4     0x4  Data  Gb  os_core.o [1]
OSTimeDly               0x08001325    0x68  Code  Gb  os_time.o [1]
OSTimeDlyHMSM           0x0800138d    0x50  Code  Gb  os_time.o [1]
OSTimeTick              0x08000289    0xe4  Code  Gb  os_core.o [1]
OSTimeTickHook          0x08000bb9     0x2  Code  Gb  os_cpu_c.o [1]
OSTimeTickHookEn        0x08003c72     0x2  Data  Gb  os_dbg_r.o [1]
OSUnMapTbl              0x08003738   0x100  Data  Gb  os_core.o [1]
OSVersionNbr            0x08003c74     0x2  Data  Gb  os_dbg_r.o [1]
OS_CPU_ExceptStk        0x20002530   0x400  Data  Gb  os_cpu_c.o [1]
OS_CPU_ExceptStkBase    0x200034b8     0x4  Data  Gb  os_cpu_c.o [1]
OS_CPU_SR_Restore       0x08000a31          Code  Gb  os_cpu_a.o [1]
OS_CPU_SR_Save          0x08000a29          Code  Gb  os_cpu_a.o [1]
OS_CPU_SysTickInit      0x08000bd7    0x34  Code  Gb  os_cpu_c.o [1]
OS_Dummy                0x0800036d     0x2  Code  Gb  os_core.o [1]
OS_EventTaskRdy         0x0800036f    0x8c  Code  Gb  os_core.o [1]
OS_EventTaskRemove      0x08000487    0x38  Code  Gb  os_core.o [1]
OS_EventTaskRemoveMulti
                        0x080004bf    0x42  Code  Gb  os_core.o [1]
OS_EventTaskWait        0x080003fb    0x8c  Code  Gb  os_core.o [1]
OS_EventWaitListInit    0x08000501    0x1c  Code  Gb  os_core.o [1]
OS_FlagBlock            0x08001093    0x8a  Code  Lc  os_flag.o [1]
OS_FlagInit             0x0800111d    0x50  Code  Gb  os_flag.o [1]
OS_FlagTaskRdy          0x0800116d    0x56  Code  Lc  os_flag.o [1]
OS_FlagUnlink           0x080011e5    0x26  Code  Gb  os_flag.o [1]
OS_InitEventList        0x0800051d    0x66  Code  Lc  os_core.o [1]
OS_InitMisc             0x08000583    0x56  Code  Lc  os_core.o [1]
OS_InitRdyList          0x080005d9    0x40  Code  Lc  os_core.o [1]
OS_InitTCBList          0x08000691    0x6a  Code  Lc  os_core.o [1]
OS_InitTaskIdle         0x08000619    0x3c  Code  Lc  os_core.o [1]
OS_InitTaskStat         0x08000655    0x3c  Code  Lc  os_core.o [1]
OS_MemClr               0x080006fb    0x12  Code  Gb  os_core.o [1]
OS_Sched                0x0800070d    0x5c  Code  Gb  os_core.o [1]
OS_SchedNew             0x08000769    0x20  Code  Lc  os_core.o [1]
OS_TCBInit              0x08000879   0x134  Code  Gb  os_core.o [1]
OS_TaskIdle             0x08000789    0x20  Code  Gb  os_core.o [1]
OS_TaskReturn           0x08001797    0x12  Code  Gb  os_task.o [1]
OS_TaskStat             0x080007ad    0x86  Code  Gb  os_core.o [1]
OS_TaskStatStkChk       0x08000833    0x3e  Code  Gb  os_core.o [1]
OS_TaskStkClr           0x080017d1    0x18  Code  Gb  os_task.o [1]
PendSV_Handler          0x08000a9d          Code  Gb  os_cpu_a.o [1]
RCC_APB1PeriphClockCmd  0x08002dbf    0x20  Code  Gb  stm32f10x_rcc.o [1]
RCC_APB2PeriphClockCmd  0x08002d9f    0x20  Code  Gb  stm32f10x_rcc.o [1]
RCC_GetClocksFreq       0x08002ce5    0xba  Code  Gb  stm32f10x_rcc.o [1]
Region$$Table$$Base     0x08003988           --   Gb  - Linker created -
Region$$Table$$Limit    0x080039a8           --   Gb  - Linker created -
SVC_Handler             0x08003a6b     0x2  Code  Gb  stm32f10x_it.o [1]
SemApply                0x20003438    0x28  Data  Gb  Servo.o [1]
ServoModify             0x20003488     0x4  Data  Gb  app.o [1]
Servo_InitMove          0x08001c07    0x20  Code  Gb  Servo.o [1]
Servo_Run               0x08001c27    0x58  Code  Gb  Servo.o [1]
SetSysClock             0x08003635     0x8  Code  Lc  system_stm32f10x.o [1]
SetSysClockTo72         0x0800363d    0xe0  Code  Lc  system_stm32f10x.o [1]
SysTick_Handler         0x08000bbb    0x1c  Code  Gb  os_cpu_c.o [1]
SystemInit              0x080035e1    0x54  Code  Gb  system_stm32f10x.o [1]
TIM_ARRPreloadConfig    0x08002c47    0x1c  Code  Gb  stm32f10x_tim.o [1]
TIM_Cmd                 0x08002c09    0x1c  Code  Gb  stm32f10x_tim.o [1]
TIM_CtrlPWMOutputs      0x08002c25    0x22  Code  Gb  stm32f10x_tim.o [1]
TIM_OC1Init             0x080029fb    0x94  Code  Gb  stm32f10x_tim.o [1]
TIM_OC1PreloadConfig    0x08002c63    0x10  Code  Gb  stm32f10x_tim.o [1]
TIM_OC2Init             0x08002a8f    0x8a  Code  Gb  stm32f10x_tim.o [1]
TIM_OC2PreloadConfig    0x08002c73    0x12  Code  Gb  stm32f10x_tim.o [1]
TIM_OC3Init             0x08002b19    0x88  Code  Gb  stm32f10x_tim.o [1]
TIM_OC3PreloadConfig    0x08002c85    0x10  Code  Gb  stm32f10x_tim.o [1]
TIM_OC4Init             0x08002ba1    0x68  Code  Gb  stm32f10x_tim.o [1]
TIM_OC4PreloadConfig    0x08002c95    0x12  Code  Gb  stm32f10x_tim.o [1]
TIM_PWM_Init            0x080032ad   0x194  Code  Gb  RobotArmCtrlBoard.o [1]
TIM_SetCompare1         0x08002ca7     0x4  Code  Gb  stm32f10x_tim.o [1]
TIM_SetCompare2         0x08002cab     0x4  Code  Gb  stm32f10x_tim.o [1]
TIM_SetCompare3         0x08002caf     0x4  Code  Gb  stm32f10x_tim.o [1]
TIM_SetCompare4         0x08002cb3     0x6  Code  Gb  stm32f10x_tim.o [1]
TIM_TimeBaseInit        0x08002969    0x92  Code  Gb  stm32f10x_tim.o [1]
UART_COM_Init           0x08003441    0x80  Code  Gb  RobotArmCtrlBoard.o [1]
USART_Cmd               0x08001d99    0x1c  Code  Gb  stm32f10x_usart.o [1]
USART_GetFlagStatus     0x08001dbd    0x1a  Code  Gb  stm32f10x_usart.o [1]
USART_Init              0x08001cd9    0xba  Code  Gb  stm32f10x_usart.o [1]
USART_ReceiveData       0x08001db5     0x8  Code  Gb  stm32f10x_usart.o [1]
UsageFault_Handler      0x08003a69     0x2  Code  Gb  stm32f10x_it.o [1]
__aeabi_assert          0x08002945    0x24  Code  Gb  ABIassert.o [6]
__aeabi_cfcmple         0x08002125          Code  Gb  FltCmpLe.o [4]
__aeabi_d2f             0x08002095          Code  Gb  DblToFlt.o [4]
__aeabi_dadd            0x08001fad          Code  Gb  DblAdd.o [4]
__aeabi_ddiv            0x0800254d          Code  Gb  DblDiv.o [4]
__aeabi_dmul            0x08001e09          Code  Gb  DblMul.o [4]
__aeabi_f2d             0x080024fd          Code  Gb  FltToDbl.o [4]
__aeabi_f2iz            0x080024b9          Code  Gb  FltToS32.o [4]
__aeabi_fadd            0x08002435          Code  Gb  FltAdd.o [4]
__aeabi_fdiv            0x08002231          Code  Gb  FltDiv.o [4]
__aeabi_fmul            0x0800235d          Code  Gb  FltMul.o [4]
__aeabi_fsub            0x08002149          Code  Gb  FltSub.o [4]
__aeabi_i2d             0x08001dd9          Code  Gb  I32ToDbl.o [4]
__aeabi_i2f             0x0800232d          Code  Gb  I32ToFlt.o [4]
__aeabi_ui2d            0x08001ded          Code  Gb  I32ToDbl.o [4]
__cmain                 0x080039c9          Code  Gb  cmain.o [5]
__exit                  0x08002f71    0x14  Code  Gb  exit.o [6]
__iar_dadd              0x08001fc1          Code  Gb  DblAdd.o [4]
__iar_data_init3        0x08003961    0x28  Code  Gb  data_init.o [5]
__iar_dsub              0x08002dfd          Code  Gb  DblSub.o [4]
__iar_dsubStart         0x08002e0f          Code  Gb  DblSub.o [4]
__iar_fadd              0x08002445          Code  Gb  FltAdd.o [4]
__iar_fsub              0x08002159          Code  Gb  FltSub.o [4]
__iar_fsubStart         0x08002169          Code  Gb  FltSub.o [4]
__iar_lz77_init_single3
                        0x08003839    0x78  Code  Gb  lz77_init_single.o [5]
__iar_program_start     0x08003b01          Code  Gb  cstartup_M.o [5]
__iar_ui2d              0x08001df1          Code  Gb  I32ToDbl.o [4]
__iar_ui2f              0x08002341          Code  Gb  I32ToFlt.o [4]
__iar_zero_init3        0x080038b1    0x40  Code  Gb  zero_init3.o [5]
__low_level_init        0x080039e3     0x4  Code  Gb  low_level_init.o [3]
__vector_table          0x08000000          Data  Gb  startup_stm32f10x_md.o [1]
_call_main              0x080039d5          Code  Gb  cmain.o [5]
_exit                   0x080039ed          Code  Gb  cexit.o [5]
_main                   0x080039df          Code  Gb  cmain.o [5]
abort                   0x08002f69     0x6  Code  Gb  abort.o [3]
advance_one             0x08001abb    0x5a  Code  Gb  Servo.o [1]
ang_max                 0x200000a0    0x28  Data  Gb  Servo.o [1]
ang_min                 0x20003410    0x28  Data  Gb  Servo.o [1]
angle                   0x20000000    0x28  Data  Gb  Servo.o [1]
angle2pwm               0x080018e7    0xa4  Code  Gb  Servo.o [1]
cur_angle               0x20000050    0x28  Data  Gb  Servo.o [1]
cur_pwm                 0x200000c8    0x28  Data  Gb  Servo.o [1]
exit                    0x080039e7     0x4  Code  Gb  exit.o [3]
gap                     0x20000168    0x28  Data  Gb  Servo.o [1]
main                    0x08002f85    0x72  Code  Gb  app.o [1]
max                     0x080018dd     0xa  Code  Gb  Servo.o [1]
min                     0x080018d5     0x8  Code  Gb  Servo.o [1]
move                    0x08001a2f    0x8c  Code  Gb  Servo.o [1]
pos_update              0x08001b15    0xf2  Code  Gb  Servo.o [1]
pwm2ang                 0x0800198b    0xa4  Code  Gb  Servo.o [1]
pwm_max                 0x20000140    0x28  Data  Gb  Servo.o [1]
pwm_min                 0x20000118    0x28  Data  Gb  Servo.o [1]
pwm_resolution          0x20000190    0x28  Data  Gb  Servo.o [1]
recv_byte               0x080017e9    0x1c  Code  Gb  Servo.o [1]
recv_cmd                0x08001805    0xd0  Code  Gb  Servo.o [1]
sem_name                0x200001b8    0x28  Data  Gb  Servo.o [1]
servo_name              0x20000028    0x28  Data  Gb  Servo.o [1]
target_angle            0x20000078    0x28  Data  Gb  Servo.o [1]
target_pwm              0x200000f0    0x28  Data  Gb  Servo.o [1]


[1] = C:\Users\Administrator\Desktop\RobotArm\Project\IAR\Debug\Obj
[2] = command line
[3] = dl7M_tlf.a
[4] = m7M_tl.a
[5] = rt7M_tl.a
[6] = shb_l.a

  14 634 bytes of readonly  code memory
     996 bytes of readonly  data memory
  13 507 bytes of readwrite data memory

Errors: none
Warnings: none
