###############################################################################
#
# IAR ELF Linker V7.70.1.11437/W32 for ARM                30/Oct/2016  12:04:08
# Copyright 2007-2016 IAR Systems AB.
#
#    Output file  =  
#        C:\Users\Administrator\Desktop\RobotArm\Project\IAR\Debug\Exe\RobotArm.out
#    Map file     =  
#        C:\Users\Administrator\Desktop\RobotArm\Project\IAR\Debug\List\RobotArm.map
#    Command line =  
#        C:\Users\Administrator\Desktop\RobotArm\Project\IAR\Debug\Obj\app.o
#        C:\Users\Administrator\Desktop\RobotArm\Project\IAR\Debug\Obj\cpu_a.o
#        C:\Users\Administrator\Desktop\RobotArm\Project\IAR\Debug\Obj\cpu_c.o
#        C:\Users\Administrator\Desktop\RobotArm\Project\IAR\Debug\Obj\cpu_core.o
#        C:\Users\Administrator\Desktop\RobotArm\Project\IAR\Debug\Obj\lib_ascii.o
#        C:\Users\Administrator\Desktop\RobotArm\Project\IAR\Debug\Obj\lib_math.o
#        C:\Users\Administrator\Desktop\RobotArm\Project\IAR\Debug\Obj\lib_mem.o
#        C:\Users\Administrator\Desktop\RobotArm\Project\IAR\Debug\Obj\lib_mem_a.o
#        C:\Users\Administrator\Desktop\RobotArm\Project\IAR\Debug\Obj\lib_str.o
#        C:\Users\Administrator\Desktop\RobotArm\Project\IAR\Debug\Obj\misc.o
#        C:\Users\Administrator\Desktop\RobotArm\Project\IAR\Debug\Obj\os_core.o
#        C:\Users\Administrator\Desktop\RobotArm\Project\IAR\Debug\Obj\os_cpu_a.o
#        C:\Users\Administrator\Desktop\RobotArm\Project\IAR\Debug\Obj\os_cpu_c.o
#        C:\Users\Administrator\Desktop\RobotArm\Project\IAR\Debug\Obj\os_dbg_r.o
#        C:\Users\Administrator\Desktop\RobotArm\Project\IAR\Debug\Obj\os_flag.o
#        C:\Users\Administrator\Desktop\RobotArm\Project\IAR\Debug\Obj\os_mbox.o
#        C:\Users\Administrator\Desktop\RobotArm\Project\IAR\Debug\Obj\os_mem.o
#        C:\Users\Administrator\Desktop\RobotArm\Project\IAR\Debug\Obj\os_mutex.o
#        C:\Users\Administrator\Desktop\RobotArm\Project\IAR\Debug\Obj\os_q.o
#        C:\Users\Administrator\Desktop\RobotArm\Project\IAR\Debug\Obj\os_sem.o
#        C:\Users\Administrator\Desktop\RobotArm\Project\IAR\Debug\Obj\os_task.o
#        C:\Users\Administrator\Desktop\RobotArm\Project\IAR\Debug\Obj\os_time.o
#        C:\Users\Administrator\Desktop\RobotArm\Project\IAR\Debug\Obj\os_tmr.o
#        C:\Users\Administrator\Desktop\RobotArm\Project\IAR\Debug\Obj\RobotArmCtrlBoard.o
#        C:\Users\Administrator\Desktop\RobotArm\Project\IAR\Debug\Obj\Servo.o
#        C:\Users\Administrator\Desktop\RobotArm\Project\IAR\Debug\Obj\startup_stm32f10x_ld.o
#        C:\Users\Administrator\Desktop\RobotArm\Project\IAR\Debug\Obj\stm32f10x_dbgmcu.o
#        C:\Users\Administrator\Desktop\RobotArm\Project\IAR\Debug\Obj\stm32f10x_gpio.o
#        C:\Users\Administrator\Desktop\RobotArm\Project\IAR\Debug\Obj\stm32f10x_it.o
#        C:\Users\Administrator\Desktop\RobotArm\Project\IAR\Debug\Obj\stm32f10x_rcc.o
#        C:\Users\Administrator\Desktop\RobotArm\Project\IAR\Debug\Obj\stm32f10x_tim.o
#        C:\Users\Administrator\Desktop\RobotArm\Project\IAR\Debug\Obj\stm32f10x_usart.o
#        C:\Users\Administrator\Desktop\RobotArm\Project\IAR\Debug\Obj\system_stm32f10x.o
#        -o
#        C:\Users\Administrator\Desktop\RobotArm\Project\IAR\Debug\Exe\RobotArm.out
#        --map
#        C:\Users\Administrator\Desktop\RobotArm\Project\IAR\Debug\List\RobotArm.map
#        --config "C:\Program Files (x86)\IAR Systems\Embedded Workbench
#        7.5\arm\config\linker\ST\stm32f103x8.icf" --semihosting --entry
#        __iar_program_start --vfe
#
###############################################################################

*******************************************************************************
*** RUNTIME MODEL ATTRIBUTES
***

CppFlavor       = *
__SystemLibrary = DLib


*******************************************************************************
*** PLACEMENT SUMMARY
***

"A0":  place at 0x08000000 { ro section .intvec };
"P1":  place in [from 0x08000000 to 0x0800ffff] { ro };
"P2":  place in [from 0x20000000 to 0x20004fff] { rw, block CSTACK, block HEAP };
initialize by copy { rw };

  Section            Kind        Address    Size  Object
  -------            ----        -------    ----  ------
"A0":                                       0xec
  .intvec            ro code  0x08000000    0xec  startup_stm32f10x_ld.o [1]
                            - 0x080000ec    0xec

"P1":                                     0x35cc
  .text              ro code  0x080000ec   0x8b0  os_core.o [1]
  CODE               ro code  0x0800099c    0xd0  os_cpu_a.o [1]
  .text              ro code  0x08000a6c   0x130  os_cpu_c.o [1]
  .text              ro code  0x08000b9c   0x2ba  os_flag.o [1]
  .rodata            const    0x08000e56     0x2  os_dbg_r.o [1]
  .text              ro code  0x08000e58   0x118  os_dbg_r.o [1]
  .text              ro code  0x08000f70    0xcc  os_time.o [1]
  .text              ro code  0x0800103c   0x3f8  os_task.o [1]
  .text              ro code  0x08001434   0x39c  Servo.o [1]
  .text              ro code  0x080017d0    0x24  FltCmpLe.o [4]
  .text              ro code  0x080017f4    0xe6  FltSub.o [4]
  .rodata            const    0x080018da     0x2  os_dbg_r.o [1]
  .text              ro code  0x080018dc    0xfc  FltDiv.o [4]
  .text              ro code  0x080019d8    0x2e  I32ToFlt.o [4]
  .rodata            const    0x08001a06     0x2  os_dbg_r.o [1]
  .text              ro code  0x08001a08    0xd8  FltMul.o [4]
  .text              ro code  0x08001ae0    0x84  FltAdd.o [4]
  .text              ro code  0x08001b64    0x44  FltToS32.o [4]
  .text              ro code  0x08001ba8    0x4e  FltToDbl.o [4]
  .rodata            const    0x08001bf6     0x2  os_dbg_r.o [1]
  .text              ro code  0x08001bf8    0x2c  I32ToDbl.o [4]
  .text              ro code  0x08001c24   0x1a2  DblMul.o [4]
  .rodata            const    0x08001dc6     0x2  os_dbg_r.o [1]
  .text              ro code  0x08001dc8   0x256  DblDiv.o [4]
  .rodata            const    0x0800201e     0x2  os_dbg_r.o [1]
  .text              ro code  0x08002020    0xe8  DblAdd.o [4]
  .text              ro code  0x08002108    0x90  DblToFlt.o [4]
  .text              ro code  0x08002198   0x144  os_sem.o [1]
  .text              ro code  0x080022dc    0x24  ABIassert.o [6]
  .text              ro code  0x08002300   0x37c  stm32f10x_tim.o [1]
  .text              ro code  0x0800267c   0x16c  DblSub.o [4]
  .text              ro code  0x080027e8     0x6  abort.o [3]
  .rodata            const    0x080027ee     0x2  os_dbg_r.o [1]
  .text              ro code  0x080027f0    0x14  exit.o [6]
  .text              ro code  0x08002804   0x26c  RobotArmCtrlBoard.o [1]
  .text              ro code  0x08002a70   0x118  stm32f10x_rcc.o [1]
  .text              ro code  0x08002b88    0xc6  stm32f10x_gpio.o [1]
  .rodata            const    0x08002c4e     0x2  os_dbg_r.o [1]
  .text              ro code  0x08002c50    0xdc  stm32f10x_usart.o [1]
  .text              ro code  0x08002d2c   0x250  app.o [1]
  CODE               ro code  0x08002f7c    0x34  cpu_a.o [1]
  .text              ro code  0x08002fb0   0x158  system_stm32f10x.o [1]
  .rodata            const    0x08003108   0x100  os_core.o [1]
  .text              ro code  0x08003208    0x78  lz77_init_single.o [5]
  .text              ro code  0x08003280    0x40  zero_init3.o [5]
  .rodata            const    0x080032c0    0x3c  app.o [1]
  .rodata            const    0x080032fc    0x34  Servo.o [1]
  .text              ro code  0x08003330    0x28  data_init.o [5]
  .iar.init_table    const    0x08003358    0x20  - Linker created -
  .rodata            const    0x08003378    0x20  app.o [1]
  .text              ro code  0x08003398    0x1a  cmain.o [5]
  .text              ro code  0x080033b2     0x4  low_level_init.o [3]
  .text              ro code  0x080033b6     0x4  exit.o [3]
  .rodata            const    0x080033ba     0x2  os_dbg_r.o [1]
  .text              ro code  0x080033bc     0xa  cexit.o [5]
  .rodata            const    0x080033c6     0x2  os_dbg_r.o [1]
  .rodata            const    0x080033c8    0x14  app.o [1]
  .rodata            const    0x080033dc    0x14  Servo.o [1]
  .rodata            const    0x080033f0    0x10  app.o [1]
  .rodata            const    0x08003400    0x10  os_core.o [1]
  .rodata            const    0x08003410    0x10  os_core.o [1]
  .text              ro code  0x08003420    0x10  startup_stm32f10x_ld.o [1]
  .text              ro code  0x08003430     0xe  stm32f10x_it.o [1]
  .rodata            const    0x0800343e     0x2  os_dbg_r.o [1]
  .rodata            const    0x08003440     0xc  app.o [1]
  .rodata            const    0x0800344c     0xc  Servo.o [1]
  .rodata            const    0x08003458     0xc  Servo.o [1]
  .rodata            const    0x08003464     0xc  Servo.o [1]
  .rodata            const    0x08003470     0xc  Servo.o [1]
  .rodata            const    0x0800347c     0xc  Servo.o [1]
  .rodata            const    0x08003488     0xc  Servo.o [1]
  .rodata            const    0x08003494     0xc  Servo.o [1]
  .rodata            const    0x080034a0     0xc  Servo.o [1]
  .rodata            const    0x080034ac     0xc  Servo.o [1]
  .rodata            const    0x080034b8     0xc  Servo.o [1]
  .text              ro code  0x080034c4     0xc  cstartup_M.o [5]
  .rodata            const    0x080034d0     0x8  app.o [1]
  .rodata            const    0x080034d8     0x8  Servo.o [1]
  .rodata            const    0x080034e0     0x8  Servo.o [1]
  .rodata            const    0x080034e8     0x8  Servo.o [1]
  .rodata            const    0x080034f0     0x8  Servo.o [1]
  .rodata            const    0x080034f8     0x8  Servo.o [1]
  .rodata            const    0x08003500     0x8  Servo.o [1]
  .rodata            const    0x08003508     0x8  Servo.o [1]
  .rodata            const    0x08003510     0x8  Servo.o [1]
  .rodata            const    0x08003518     0x8  Servo.o [1]
  .rodata            const    0x08003520     0x8  Servo.o [1]
  .rodata            const    0x08003528     0x4  os_dbg_r.o [1]
  .text              ro code  0x0800352c     0x4  startup_stm32f10x_ld.o [1]
  .text              ro code  0x08003530     0x4  startup_stm32f10x_ld.o [1]
  .text              ro code  0x08003534     0x4  startup_stm32f10x_ld.o [1]
  .text              ro code  0x08003538     0x4  startup_stm32f10x_ld.o [1]
  .text              ro code  0x0800353c     0x4  startup_stm32f10x_ld.o [1]
  .text              ro code  0x08003540     0x4  startup_stm32f10x_ld.o [1]
  .text              ro code  0x08003544     0x4  startup_stm32f10x_ld.o [1]
  .text              ro code  0x08003548     0x4  startup_stm32f10x_ld.o [1]
  .text              ro code  0x0800354c     0x4  startup_stm32f10x_ld.o [1]
  .text              ro code  0x08003550     0x4  startup_stm32f10x_ld.o [1]
  .text              ro code  0x08003554     0x4  startup_stm32f10x_ld.o [1]
  .text              ro code  0x08003558     0x4  startup_stm32f10x_ld.o [1]
  .text              ro code  0x0800355c     0x4  startup_stm32f10x_ld.o [1]
  .text              ro code  0x08003560     0x4  startup_stm32f10x_ld.o [1]
  .text              ro code  0x08003564     0x4  startup_stm32f10x_ld.o [1]
  .text              ro code  0x08003568     0x4  startup_stm32f10x_ld.o [1]
  .text              ro code  0x0800356c     0x4  startup_stm32f10x_ld.o [1]
  .text              ro code  0x08003570     0x4  startup_stm32f10x_ld.o [1]
  .text              ro code  0x08003574     0x4  startup_stm32f10x_ld.o [1]
  .text              ro code  0x08003578     0x4  startup_stm32f10x_ld.o [1]
  .text              ro code  0x0800357c     0x4  startup_stm32f10x_ld.o [1]
  .text              ro code  0x08003580     0x4  startup_stm32f10x_ld.o [1]
  .text              ro code  0x08003584     0x4  startup_stm32f10x_ld.o [1]
  .text              ro code  0x08003588     0x4  startup_stm32f10x_ld.o [1]
  .text              ro code  0x0800358c     0x4  startup_stm32f10x_ld.o [1]
  .text              ro code  0x08003590     0x4  startup_stm32f10x_ld.o [1]
  .text              ro code  0x08003594     0x4  startup_stm32f10x_ld.o [1]
  .text              ro code  0x08003598     0x4  startup_stm32f10x_ld.o [1]
  .text              ro code  0x0800359c     0x4  startup_stm32f10x_ld.o [1]
  .text              ro code  0x080035a0     0x4  startup_stm32f10x_ld.o [1]
  .text              ro code  0x080035a4     0x4  startup_stm32f10x_ld.o [1]
  .text              ro code  0x080035a8     0x4  startup_stm32f10x_ld.o [1]
  .text              ro code  0x080035ac     0x4  startup_stm32f10x_ld.o [1]
  .text              ro code  0x080035b0     0x4  startup_stm32f10x_ld.o [1]
  .text              ro code  0x080035b4     0x4  startup_stm32f10x_ld.o [1]
  .text              ro code  0x080035b8     0x4  startup_stm32f10x_ld.o [1]
  .text              ro code  0x080035bc     0x4  startup_stm32f10x_ld.o [1]
  .text              ro code  0x080035c0     0x4  startup_stm32f10x_ld.o [1]
  .text              ro code  0x080035c4     0x4  startup_stm32f10x_ld.o [1]
  .text              ro code  0x080035c8     0x4  startup_stm32f10x_ld.o [1]
  .text              ro code  0x080035cc     0x4  startup_stm32f10x_ld.o [1]
  .text              ro code  0x080035d0     0x4  startup_stm32f10x_ld.o [1]
  .text              ro code  0x080035d4     0x4  startup_stm32f10x_ld.o [1]
  .text              ro code  0x080035d8     0x4  startup_stm32f10x_ld.o [1]
  .text              ro code  0x080035dc     0x4  startup_stm32f10x_ld.o [1]
  .text              ro code  0x080035e0     0x4  startup_stm32f10x_ld.o [1]
  .text              ro code  0x080035e4     0x4  startup_stm32f10x_ld.o [1]
  .rodata            const    0x080035e8     0x2  os_dbg_r.o [1]
  .rodata            const    0x080035ea     0x2  os_dbg_r.o [1]
  .rodata            const    0x080035ec     0x2  os_dbg_r.o [1]
  .rodata            const    0x080035ee     0x2  os_dbg_r.o [1]
  .rodata            const    0x080035f0     0x2  os_dbg_r.o [1]
  .rodata            const    0x080035f2     0x2  os_dbg_r.o [1]
  .rodata            const    0x080035f4     0x2  os_dbg_r.o [1]
  .rodata            const    0x080035f6     0x2  os_dbg_r.o [1]
  .rodata            const    0x080035f8     0x2  os_dbg_r.o [1]
  .rodata            const    0x080035fa     0x2  os_dbg_r.o [1]
  .rodata            const    0x080035fc     0x2  os_dbg_r.o [1]
  .rodata            const    0x080035fe     0x2  os_dbg_r.o [1]
  .rodata            const    0x08003600     0x2  os_dbg_r.o [1]
  .rodata            const    0x08003602     0x2  os_dbg_r.o [1]
  .rodata            const    0x08003604     0x2  os_dbg_r.o [1]
  .rodata            const    0x08003606     0x2  os_dbg_r.o [1]
  .rodata            const    0x08003608     0x2  os_dbg_r.o [1]
  .rodata            const    0x0800360a     0x2  os_dbg_r.o [1]
  .rodata            const    0x0800360c     0x2  os_dbg_r.o [1]
  .rodata            const    0x0800360e     0x2  os_dbg_r.o [1]
  .rodata            const    0x08003610     0x2  os_dbg_r.o [1]
  .rodata            const    0x08003612     0x2  os_dbg_r.o [1]
  .rodata            const    0x08003614     0x2  os_dbg_r.o [1]
  .rodata            const    0x08003616     0x2  os_dbg_r.o [1]
  .rodata            const    0x08003618     0x2  os_dbg_r.o [1]
  .rodata            const    0x0800361a     0x2  os_dbg_r.o [1]
  .rodata            const    0x0800361c     0x2  os_dbg_r.o [1]
  .rodata            const    0x0800361e     0x2  os_dbg_r.o [1]
  .rodata            const    0x08003620     0x2  os_dbg_r.o [1]
  .rodata            const    0x08003622     0x2  os_dbg_r.o [1]
  .rodata            const    0x08003624     0x2  os_dbg_r.o [1]
  .rodata            const    0x08003626     0x2  os_dbg_r.o [1]
  .rodata            const    0x08003628     0x2  os_dbg_r.o [1]
  .rodata            const    0x0800362a     0x2  os_dbg_r.o [1]
  .rodata            const    0x0800362c     0x0  zero_init3.o [5]
  .rodata            const    0x0800362c     0x0  lz77_init_single.o [5]
  Initializer bytes  const    0x0800362c    0x8c  <for P2-1>
                            - 0x080036b8  0x35cc

"P2", part 1 of 3:                         0x1cc
  P2-1                        0x20000000   0x1cc  <Init block>
    .data            inited   0x20000000    0x28  Servo.o [1]
    .data            inited   0x20000028    0x28  Servo.o [1]
    .data            inited   0x20000050    0x28  Servo.o [1]
    .data            inited   0x20000078    0x28  Servo.o [1]
    .data            inited   0x200000a0    0x28  Servo.o [1]
    .data            inited   0x200000c8    0x28  Servo.o [1]
    .data            inited   0x200000f0    0x28  Servo.o [1]
    .data            inited   0x20000118    0x28  Servo.o [1]
    .data            inited   0x20000140    0x28  Servo.o [1]
    .data            inited   0x20000168    0x28  Servo.o [1]
    .data            inited   0x20000190    0x28  Servo.o [1]
    .data            inited   0x200001b8    0x10  stm32f10x_rcc.o [1]
    .data            inited   0x200001c8     0x4  stm32f10x_rcc.o [1]
                            - 0x200001cc   0x1cc

"P2", part 2 of 3:                         0x800
  CSTACK                      0x200001d0   0x800  <Block>
    CSTACK           uninit   0x200001d0   0x800  <Block tail>
                            - 0x200009d0   0x800

"P2", part 3 of 3:                        0x28d0
  .bss               zero     0x200009d0  0x1400  app.o [1]
  .bss               zero     0x20001dd0   0x738  os_core.o [1]
  .bss               zero     0x20002508   0x400  os_cpu_c.o [1]
  .bss               zero     0x20002908   0x200  app.o [1]
  .bss               zero     0x20002b08   0x200  os_core.o [1]
  .bss               zero     0x20002d08   0x200  os_core.o [1]
  .bss               zero     0x20002f08   0x1e0  os_core.o [1]
  .bss               zero     0x200030e8   0x100  os_core.o [1]
  .bss               zero     0x200031e8    0x28  Servo.o [1]
  .bss               zero     0x20003210    0x28  Servo.o [1]
  .bss               zero     0x20003238    0x20  os_core.o [1]
  .bss               zero     0x20003258     0x8  os_core.o [1]
  .bss               zero     0x20003260     0x4  app.o [1]
  .bss               zero     0x20003264     0x4  os_core.o [1]
  .bss               zero     0x20003268     0x4  os_core.o [1]
  .bss               zero     0x2000326c     0x4  os_core.o [1]
  .bss               zero     0x20003270     0x4  os_core.o [1]
  .bss               zero     0x20003274     0x4  os_core.o [1]
  .bss               zero     0x20003278     0x4  os_core.o [1]
  .bss               zero     0x2000327c     0x4  os_core.o [1]
  .bss               zero     0x20003280     0x4  os_core.o [1]
  .bss               zero     0x20003284     0x4  os_core.o [1]
  .bss               zero     0x20003288     0x4  os_core.o [1]
  .bss               zero     0x2000328c     0x4  os_core.o [1]
  .bss               zero     0x20003290     0x4  os_cpu_c.o [1]
  .bss               zero     0x20003294     0x1  os_core.o [1]
  .bss               zero     0x20003295     0x1  os_core.o [1]
  .bss               zero     0x20003296     0x1  os_core.o [1]
  .bss               zero     0x20003297     0x1  os_core.o [1]
  .bss               zero     0x20003298     0x1  os_core.o [1]
  .bss               zero     0x20003299     0x1  os_core.o [1]
  .bss               zero     0x2000329a     0x1  os_core.o [1]
  .bss               zero     0x2000329b     0x1  os_core.o [1]
  .bss               zero     0x2000329c     0x1  os_core.o [1]
  .bss               zero     0x2000329d     0x1  os_core.o [1]
  .bss               zero     0x2000329e     0x1  os_core.o [1]
                            - 0x2000329f  0x28cf


*******************************************************************************
*** INIT TABLE
***

          Address     Size
          -------     ----
Zero (__iar_zero_init3)
    1 destination range, total size 0x28cf:
          0x200009d0  0x28cf

Copy/lz77 (__iar_lz77_init_single3)
    1 source range, total size 0x8c (30% of destination):
          0x0800362c    0x8c
    1 destination range, total size 0x1cc:
          0x20000000   0x1cc



*******************************************************************************
*** MODULE SUMMARY
***

    Module                  ro code  ro data  rw data
    ------                  -------  -------  -------
C:\Users\Administrator\Desktop\RobotArm\Project\IAR\Debug\Obj: [1]
    RobotArmCtrlBoard.o         620
    Servo.o                     924      405      520
    app.o                       592      148    5 636
    cpu_a.o                      52
    os_core.o                 2 224      288    3 703
    os_cpu_a.o                  208
    os_cpu_c.o                  304             1 028
    os_dbg_r.o                  280       94
    os_flag.o                   698
    os_sem.o                    324
    os_task.o                 1 016
    os_time.o                   204
    startup_stm32f10x_ld.o      440
    stm32f10x_gpio.o            198
    stm32f10x_it.o               14
    stm32f10x_rcc.o             280        7       20
    stm32f10x_tim.o             892
    stm32f10x_usart.o           220
    system_stm32f10x.o          344
    -------------------------------------------------
    Total:                    9 834      942   10 907

command line: [2]
    -------------------------------------------------
    Total:

dl7M_tlf.a: [3]
    abort.o                       6
    exit.o                        4
    low_level_init.o              4
    -------------------------------------------------
    Total:                       14

m7M_tl.a: [4]
    DblAdd.o                    232
    DblDiv.o                    598
    DblMul.o                    418
    DblSub.o                    364
    DblToFlt.o                  144
    FltAdd.o                    132
    FltCmpLe.o                   36
    FltDiv.o                    252
    FltMul.o                    216
    FltSub.o                    230
    FltToDbl.o                   78
    FltToS32.o                   68
    I32ToDbl.o                   44
    I32ToFlt.o                   46
    -------------------------------------------------
    Total:                    2 858

rt7M_tl.a: [5]
    cexit.o                      10
    cmain.o                      26
    cstartup_M.o                 12
    data_init.o                  40
    lz77_init_single.o          120
    zero_init3.o                 64
    -------------------------------------------------
    Total:                      272

shb_l.a: [6]
    ABIassert.o                  36
    exit.o                       20
    -------------------------------------------------
    Total:                       56

    Linker created                        32    2 048
-----------------------------------------------------
    Grand Total:             13 034      974   12 955


*******************************************************************************
*** ENTRY LIST
***

Entry                      Address    Size  Type      Object
-----                      -------    ----  ----      ------
.iar.init_table$$Base   0x08003358           --   Gb  - Linker created -
.iar.init_table$$Limit  0x08003378           --   Gb  - Linker created -
?main                   0x08003399          Code  Gb  cmain.o [5]
ADCPrescTable           0x200001c8     0x4  Data  Lc  stm32f10x_rcc.o [1]
APBAHBPrescTable        0x200001b8    0x10  Data  Lc  stm32f10x_rcc.o [1]
App_EventCreate         0x08002dd9    0xb6  Code  Lc  app.o [1]
App_TaskCreate          0x08002e8f    0xa6  Code  Lc  app.o [1]
App_TaskStart           0x08002da1    0x38  Code  Lc  app.o [1]
App_TaskStartStk        0x20002908   0x200  Data  Lc  app.o [1]
App_Task_ServoMove      0x08002f71     0xc  Code  Lc  app.o [1]
App_Task_ServoMove_Stk  0x200009d0  0x1400  Data  Lc  app.o [1]
BSP_Init                0x08002a61    0x10  Code  Gb  RobotArmCtrlBoard.o [1]
BusFault_Handler        0x08003437     0x2  Code  Gb  stm32f10x_it.o [1]
CPU_CntLeadZeros        0x08002f9b          Code  Gb  cpu_a.o [1]
CPU_CntTrailZeros       0x08002fa1          Code  Gb  cpu_a.o [1]
CPU_IntDis              0x08002f7d          Code  Gb  cpu_a.o [1]
CPU_IntEn               0x08002f81          Code  Gb  cpu_a.o [1]
CPU_RevBits             0x08002fab          Code  Gb  cpu_a.o [1]
CPU_SR_Restore          0x08002f8d          Code  Gb  cpu_a.o [1]
CPU_SR_Save             0x08002f85          Code  Gb  cpu_a.o [1]
CPU_WaitForExcept       0x08002f97          Code  Gb  cpu_a.o [1]
CPU_WaitForInt          0x08002f93          Code  Gb  cpu_a.o [1]
CSTACK$$Base            0x200001d0           --   Gb  - Linker created -
CSTACK$$Limit           0x200009d0           --   Gb  - Linker created -
DebugMon_Handler        0x0800343d     0x2  Code  Gb  stm32f10x_it.o [1]
GPIO_Init               0x08002b89    0xc0  Code  Gb  stm32f10x_gpio.o [1]
GPIO_ResetBits          0x08002c49     0x6  Code  Gb  stm32f10x_gpio.o [1]
HardFault_Handler       0x08003433     0x2  Code  Gb  stm32f10x_it.o [1]
LED_Init                0x08002a19    0x32  Code  Gb  RobotArmCtrlBoard.o [1]
MemManage_Handler       0x08003435     0x2  Code  Gb  stm32f10x_it.o [1]
NMI_Handler             0x08003431     0x2  Code  Gb  stm32f10x_it.o [1]
OSCPUUsage              0x20003294     0x1  Data  Gb  os_core.o [1]
OSCtxSw                 0x08000a01          Code  Gb  os_cpu_a.o [1]
OSCtxSwCtr              0x20003264     0x4  Data  Gb  os_core.o [1]
OSDataSize              0x0800362a     0x2  Data  Gb  os_dbg_r.o [1]
OSDebugEn               0x08000e56     0x2  Data  Gb  os_dbg_r.o [1]
OSDebugInit             0x08000e59   0x118  Code  Gb  os_dbg_r.o [1]
OSEndiannessTest        0x08003528     0x4  Data  Gb  os_dbg_r.o [1]
OSEventEn               0x080018da     0x2  Data  Gb  os_dbg_r.o [1]
OSEventFreeList         0x20003268     0x4  Data  Gb  os_core.o [1]
OSEventMax              0x08001a06     0x2  Data  Gb  os_dbg_r.o [1]
OSEventMultiEn          0x080027ee     0x2  Data  Gb  os_dbg_r.o [1]
OSEventNameEn           0x08001bf6     0x2  Data  Gb  os_dbg_r.o [1]
OSEventNameSet          0x080000ed    0x38  Code  Gb  os_core.o [1]
OSEventSize             0x08001dc6     0x2  Data  Gb  os_dbg_r.o [1]
OSEventTbl              0x20002f08   0x1e0  Data  Gb  os_core.o [1]
OSEventTblSize          0x0800201e     0x2  Data  Gb  os_dbg_r.o [1]
OSFlagCreate            0x08000b9d    0x5a  Code  Gb  os_flag.o [1]
OSFlagEn                0x08002c4e     0x2  Data  Gb  os_dbg_r.o [1]
OSFlagFreeList          0x2000326c     0x4  Data  Gb  os_core.o [1]
OSFlagGrpSize           0x080033ba     0x2  Data  Gb  os_dbg_r.o [1]
OSFlagMax               0x080035e8     0x2  Data  Gb  os_dbg_r.o [1]
OSFlagNameEn            0x080035ea     0x2  Data  Gb  os_dbg_r.o [1]
OSFlagNameSet           0x08000bf7    0x3a  Code  Gb  os_flag.o [1]
OSFlagNodeSize          0x080033c6     0x2  Data  Gb  os_dbg_r.o [1]
OSFlagPost              0x08000c39   0x138  Code  Gb  os_flag.o [1]
OSFlagTbl               0x20003238    0x20  Data  Gb  os_core.o [1]
OSFlagWidth             0x0800343e     0x2  Data  Gb  os_dbg_r.o [1]
OSIdleCtr               0x20003278     0x4  Data  Gb  os_core.o [1]
OSIdleCtrMax            0x20003270     0x4  Data  Gb  os_core.o [1]
OSIdleCtrRun            0x20003274     0x4  Data  Gb  os_core.o [1]
OSInit                  0x08000125    0x2c  Code  Gb  os_core.o [1]
OSInitHookBegin         0x08000a6d    0x28  Code  Gb  os_cpu_c.o [1]
OSInitHookEnd           0x08000a95     0x2  Code  Gb  os_cpu_c.o [1]
OSIntCtxSw              0x08000a09          Code  Gb  os_cpu_a.o [1]
OSIntEnter              0x08000151    0x24  Code  Gb  os_core.o [1]
OSIntExit               0x08000175    0x94  Code  Gb  os_core.o [1]
OSIntNesting            0x20003296     0x1  Data  Gb  os_core.o [1]
OSLockNesting           0x20003297     0x1  Data  Gb  os_core.o [1]
OSLowestPrio            0x080035ec     0x2  Data  Gb  os_dbg_r.o [1]
OSMboxEn                0x080035ee     0x2  Data  Gb  os_dbg_r.o [1]
OSMemEn                 0x080035f0     0x2  Data  Gb  os_dbg_r.o [1]
OSMemMax                0x080035f2     0x2  Data  Gb  os_dbg_r.o [1]
OSMemNameEn             0x080035f4     0x2  Data  Gb  os_dbg_r.o [1]
OSMemSize               0x080035f6     0x2  Data  Gb  os_dbg_r.o [1]
OSMemTblSize            0x080035f8     0x2  Data  Gb  os_dbg_r.o [1]
OSMutexEn               0x080035fa     0x2  Data  Gb  os_dbg_r.o [1]
OSPrioCur               0x20003298     0x1  Data  Gb  os_core.o [1]
OSPrioHighRdy           0x20003299     0x1  Data  Gb  os_core.o [1]
OSPtrSize               0x080035fc     0x2  Data  Gb  os_dbg_r.o [1]
OSQEn                   0x080035fe     0x2  Data  Gb  os_dbg_r.o [1]
OSQMax                  0x08003600     0x2  Data  Gb  os_dbg_r.o [1]
OSQSize                 0x08003602     0x2  Data  Gb  os_dbg_r.o [1]
OSRdyGrp                0x2000329a     0x1  Data  Gb  os_core.o [1]
OSRdyTbl                0x20003258     0x8  Data  Gb  os_core.o [1]
OSRdyTblSize            0x08003604     0x2  Data  Gb  os_dbg_r.o [1]
OSRunning               0x2000329b     0x1  Data  Gb  os_core.o [1]
OSSemCreate             0x08002199    0x4c  Code  Gb  os_sem.o [1]
OSSemEn                 0x08003606     0x2  Data  Gb  os_dbg_r.o [1]
OSSemPend               0x080021e5    0xe2  Code  Gb  os_sem.o [1]
OSStart                 0x08000209    0x42  Code  Gb  os_core.o [1]
OSStartHighRdy          0x080009ab          Code  Gb  os_cpu_a.o [1]
OSStatInit              0x0800024b    0x3e  Code  Gb  os_core.o [1]
OSStatRdy               0x20003295     0x1  Data  Gb  os_core.o [1]
OSStkWidth              0x08003608     0x2  Data  Gb  os_dbg_r.o [1]
OSTCBCur                0x2000327c     0x4  Data  Gb  os_core.o [1]
OSTCBFreeList           0x20003280     0x4  Data  Gb  os_core.o [1]
OSTCBHighRdy            0x20003284     0x4  Data  Gb  os_core.o [1]
OSTCBInitHook           0x08000b2b     0x2  Code  Gb  os_cpu_c.o [1]
OSTCBList               0x20003288     0x4  Data  Gb  os_core.o [1]
OSTCBPrioTbl            0x200030e8   0x100  Data  Gb  os_core.o [1]
OSTCBPrioTblMax         0x08003620     0x2  Data  Gb  os_dbg_r.o [1]
OSTCBSize               0x08003622     0x2  Data  Gb  os_dbg_r.o [1]
OSTCBTbl                0x20001dd0   0x738  Data  Gb  os_core.o [1]
OSTaskCreateEn          0x0800360a     0x2  Data  Gb  os_dbg_r.o [1]
OSTaskCreateExt         0x0800103d    0xc0  Code  Gb  os_task.o [1]
OSTaskCreateExtEn       0x0800360c     0x2  Data  Gb  os_dbg_r.o [1]
OSTaskCreateHook        0x08000a97     0x2  Code  Gb  os_cpu_c.o [1]
OSTaskCtr               0x2000329c     0x1  Data  Gb  os_core.o [1]
OSTaskDel               0x080010fd   0x176  Code  Gb  os_task.o [1]
OSTaskDelEn             0x0800360e     0x2  Data  Gb  os_dbg_r.o [1]
OSTaskDelHook           0x08000a99     0x2  Code  Gb  os_cpu_c.o [1]
OSTaskIdleHook          0x08000a9b     0x2  Code  Gb  os_cpu_c.o [1]
OSTaskIdleStk           0x20002d08   0x200  Data  Gb  os_core.o [1]
OSTaskIdleStkSize       0x08003610     0x2  Data  Gb  os_dbg_r.o [1]
OSTaskMax               0x08003614     0x2  Data  Gb  os_dbg_r.o [1]
OSTaskNameEn            0x08003616     0x2  Data  Gb  os_dbg_r.o [1]
OSTaskNameSet           0x08001273    0x5a  Code  Gb  os_task.o [1]
OSTaskProfileEn         0x08003612     0x2  Data  Gb  os_dbg_r.o [1]
OSTaskRegNextAvailID    0x2000329e     0x1  Data  Gb  os_core.o [1]
OSTaskReturnHook        0x08000a9d     0x2  Code  Gb  os_cpu_c.o [1]
OSTaskStatEn            0x08003618     0x2  Data  Gb  os_dbg_r.o [1]
OSTaskStatHook          0x08000a9f     0x2  Code  Gb  os_cpu_c.o [1]
OSTaskStatStk           0x20002b08   0x200  Data  Gb  os_core.o [1]
OSTaskStatStkChkEn      0x0800361c     0x2  Data  Gb  os_dbg_r.o [1]
OSTaskStatStkSize       0x0800361a     0x2  Data  Gb  os_dbg_r.o [1]
OSTaskStkChk            0x080012cd    0x72  Code  Gb  os_task.o [1]
OSTaskStkInit           0x08000aa1    0x88  Code  Gb  os_cpu_c.o [1]
OSTaskSuspend           0x08001345    0x9e  Code  Gb  os_task.o [1]
OSTaskSwHook            0x08000b29     0x2  Code  Gb  os_cpu_c.o [1]
OSTaskSwHookEn          0x0800361e     0x2  Data  Gb  os_dbg_r.o [1]
OSTickStepState         0x2000329d     0x1  Data  Gb  os_core.o [1]
OSTicksPerSec           0x08003624     0x2  Data  Gb  os_dbg_r.o [1]
OSTime                  0x2000328c     0x4  Data  Gb  os_core.o [1]
OSTimeDly               0x08000f71    0x68  Code  Gb  os_time.o [1]
OSTimeDlyHMSM           0x08000fd9    0x50  Code  Gb  os_time.o [1]
OSTimeTick              0x08000289    0xe4  Code  Gb  os_core.o [1]
OSTimeTickHook          0x08000b2d     0x2  Code  Gb  os_cpu_c.o [1]
OSTimeTickHookEn        0x08003626     0x2  Data  Gb  os_dbg_r.o [1]
OSUnMapTbl              0x08003108   0x100  Data  Gb  os_core.o [1]
OSVersionNbr            0x08003628     0x2  Data  Gb  os_dbg_r.o [1]
OS_CPU_ExceptStk        0x20002508   0x400  Data  Gb  os_cpu_c.o [1]
OS_CPU_ExceptStkBase    0x20003290     0x4  Data  Gb  os_cpu_c.o [1]
OS_CPU_SR_Restore       0x080009a5          Code  Gb  os_cpu_a.o [1]
OS_CPU_SR_Save          0x0800099d          Code  Gb  os_cpu_a.o [1]
OS_CPU_SysTickInit      0x08000b4b    0x34  Code  Gb  os_cpu_c.o [1]
OS_Dummy                0x0800036d     0x2  Code  Gb  os_core.o [1]
OS_EventTaskRemove      0x080003fb    0x38  Code  Gb  os_core.o [1]
OS_EventTaskRemoveMulti
                        0x08000433    0x42  Code  Gb  os_core.o [1]
OS_EventTaskWait        0x0800036f    0x8c  Code  Gb  os_core.o [1]
OS_EventWaitListInit    0x08000475    0x1c  Code  Gb  os_core.o [1]
OS_FlagInit             0x08000d71    0x50  Code  Gb  os_flag.o [1]
OS_FlagTaskRdy          0x08000dc1    0x56  Code  Lc  os_flag.o [1]
OS_FlagUnlink           0x08000e31    0x26  Code  Gb  os_flag.o [1]
OS_InitEventList        0x08000491    0x66  Code  Lc  os_core.o [1]
OS_InitMisc             0x080004f7    0x56  Code  Lc  os_core.o [1]
OS_InitRdyList          0x0800054d    0x40  Code  Lc  os_core.o [1]
OS_InitTCBList          0x08000605    0x6a  Code  Lc  os_core.o [1]
OS_InitTaskIdle         0x0800058d    0x3c  Code  Lc  os_core.o [1]
OS_InitTaskStat         0x080005c9    0x3c  Code  Lc  os_core.o [1]
OS_MemClr               0x0800066f    0x12  Code  Gb  os_core.o [1]
OS_Sched                0x08000681    0x5c  Code  Gb  os_core.o [1]
OS_SchedNew             0x080006dd    0x20  Code  Lc  os_core.o [1]
OS_TCBInit              0x080007ed   0x134  Code  Gb  os_core.o [1]
OS_TaskIdle             0x080006fd    0x20  Code  Gb  os_core.o [1]
OS_TaskReturn           0x080013e3    0x12  Code  Gb  os_task.o [1]
OS_TaskStat             0x08000721    0x86  Code  Gb  os_core.o [1]
OS_TaskStatStkChk       0x080007a7    0x3e  Code  Gb  os_core.o [1]
OS_TaskStkClr           0x0800141d    0x18  Code  Gb  os_task.o [1]
PendSV_Handler          0x08000a11          Code  Gb  os_cpu_a.o [1]
RCC_APB1PeriphClockCmd  0x08002b4b    0x20  Code  Gb  stm32f10x_rcc.o [1]
RCC_APB2PeriphClockCmd  0x08002b2b    0x20  Code  Gb  stm32f10x_rcc.o [1]
RCC_GetClocksFreq       0x08002a71    0xba  Code  Gb  stm32f10x_rcc.o [1]
Region$$Table$$Base     0x08003358           --   Gb  - Linker created -
Region$$Table$$Limit    0x08003378           --   Gb  - Linker created -
SVC_Handler             0x0800343b     0x2  Code  Gb  stm32f10x_it.o [1]
SemApply                0x20003210    0x28  Data  Gb  Servo.o [1]
ServoModify             0x20003260     0x4  Data  Gb  app.o [1]
Servo_InitMove          0x08001767    0x20  Code  Gb  Servo.o [1]
SetSysClock             0x08003005     0x8  Code  Lc  system_stm32f10x.o [1]
SetSysClockTo72         0x0800300d    0xe0  Code  Lc  system_stm32f10x.o [1]
SysTick_Handler         0x08000b2f    0x1c  Code  Gb  os_cpu_c.o [1]
SystemInit              0x08002fb1    0x54  Code  Gb  system_stm32f10x.o [1]
TIM_ARRPreloadConfig    0x080025df    0x1c  Code  Gb  stm32f10x_tim.o [1]
TIM_Cmd                 0x080025a1    0x1c  Code  Gb  stm32f10x_tim.o [1]
TIM_CtrlPWMOutputs      0x080025bd    0x22  Code  Gb  stm32f10x_tim.o [1]
TIM_OC1Init             0x08002393    0x94  Code  Gb  stm32f10x_tim.o [1]
TIM_OC1PreloadConfig    0x080025fb    0x10  Code  Gb  stm32f10x_tim.o [1]
TIM_OC2Init             0x08002427    0x8a  Code  Gb  stm32f10x_tim.o [1]
TIM_OC2PreloadConfig    0x0800260b    0x12  Code  Gb  stm32f10x_tim.o [1]
TIM_OC3Init             0x080024b1    0x88  Code  Gb  stm32f10x_tim.o [1]
TIM_OC3PreloadConfig    0x0800261d    0x10  Code  Gb  stm32f10x_tim.o [1]
TIM_OC4Init             0x08002539    0x68  Code  Gb  stm32f10x_tim.o [1]
TIM_OC4PreloadConfig    0x0800262d    0x12  Code  Gb  stm32f10x_tim.o [1]
TIM_PWM_Init            0x08002805   0x194  Code  Gb  RobotArmCtrlBoard.o [1]
TIM_SetCompare1         0x0800263f     0x4  Code  Gb  stm32f10x_tim.o [1]
TIM_SetCompare2         0x08002643     0x4  Code  Gb  stm32f10x_tim.o [1]
TIM_SetCompare3         0x08002647     0x4  Code  Gb  stm32f10x_tim.o [1]
TIM_SetCompare4         0x0800264b     0x6  Code  Gb  stm32f10x_tim.o [1]
TIM_TimeBaseInit        0x08002301    0x92  Code  Gb  stm32f10x_tim.o [1]
UART_COM_Init           0x08002999    0x80  Code  Gb  RobotArmCtrlBoard.o [1]
USART_Cmd               0x08002d11    0x1c  Code  Gb  stm32f10x_usart.o [1]
USART_Init              0x08002c51    0xba  Code  Gb  stm32f10x_usart.o [1]
UsageFault_Handler      0x08003439     0x2  Code  Gb  stm32f10x_it.o [1]
__aeabi_assert          0x080022dd    0x24  Code  Gb  ABIassert.o [6]
__aeabi_cfcmple         0x080017d1          Code  Gb  FltCmpLe.o [4]
__aeabi_d2f             0x08002109          Code  Gb  DblToFlt.o [4]
__aeabi_dadd            0x08002021          Code  Gb  DblAdd.o [4]
__aeabi_ddiv            0x08001dc9          Code  Gb  DblDiv.o [4]
__aeabi_dmul            0x08001c25          Code  Gb  DblMul.o [4]
__aeabi_f2d             0x08001ba9          Code  Gb  FltToDbl.o [4]
__aeabi_f2iz            0x08001b65          Code  Gb  FltToS32.o [4]
__aeabi_fadd            0x08001ae1          Code  Gb  FltAdd.o [4]
__aeabi_fdiv            0x080018dd          Code  Gb  FltDiv.o [4]
__aeabi_fmul            0x08001a09          Code  Gb  FltMul.o [4]
__aeabi_fsub            0x080017f5          Code  Gb  FltSub.o [4]
__aeabi_i2d             0x08001bf9          Code  Gb  I32ToDbl.o [4]
__aeabi_i2f             0x080019d9          Code  Gb  I32ToFlt.o [4]
__cmain                 0x08003399          Code  Gb  cmain.o [5]
__exit                  0x080027f1    0x14  Code  Gb  exit.o [6]
__iar_dadd              0x08002035          Code  Gb  DblAdd.o [4]
__iar_data_init3        0x08003331    0x28  Code  Gb  data_init.o [5]
__iar_dsub              0x0800267d          Code  Gb  DblSub.o [4]
__iar_dsubStart         0x0800268f          Code  Gb  DblSub.o [4]
__iar_fadd              0x08001af1          Code  Gb  FltAdd.o [4]
__iar_fsub              0x08001805          Code  Gb  FltSub.o [4]
__iar_fsubStart         0x08001815          Code  Gb  FltSub.o [4]
__iar_lz77_init_single3
                        0x08003209    0x78  Code  Gb  lz77_init_single.o [5]
__iar_program_start     0x080034c5          Code  Gb  cstartup_M.o [5]
__iar_ui2d              0x08001c0d          Code  Gb  I32ToDbl.o [4]
__iar_ui2f              0x080019ed          Code  Gb  I32ToFlt.o [4]
__iar_zero_init3        0x08003281    0x40  Code  Gb  zero_init3.o [5]
__low_level_init        0x080033b3     0x4  Code  Gb  low_level_init.o [3]
__vector_table          0x08000000          Data  Gb  startup_stm32f10x_ld.o [1]
_call_main              0x080033a5          Code  Gb  cmain.o [5]
_exit                   0x080033bd          Code  Gb  cexit.o [5]
_main                   0x080033af          Code  Gb  cmain.o [5]
abort                   0x080027e9     0x6  Code  Gb  abort.o [3]
advance_one             0x0800161b    0x5a  Code  Gb  Servo.o [1]
ang_max                 0x20000078    0x28  Data  Gb  Servo.o [1]
ang_min                 0x200031e8    0x28  Data  Gb  Servo.o [1]
angle2pwm               0x08001447    0xa4  Code  Gb  Servo.o [1]
cur_angle               0x20000028    0x28  Data  Gb  Servo.o [1]
cur_pwm                 0x200000a0    0x28  Data  Gb  Servo.o [1]
exit                    0x080033b7     0x4  Code  Gb  exit.o [3]
gap                     0x20000140    0x28  Data  Gb  Servo.o [1]
main                    0x08002d2d    0x72  Code  Gb  app.o [1]
max                     0x0800143d     0xa  Code  Gb  Servo.o [1]
min                     0x08001435     0x8  Code  Gb  Servo.o [1]
move                    0x0800158f    0x8c  Code  Gb  Servo.o [1]
pos_update              0x08001675    0xf2  Code  Gb  Servo.o [1]
pwm2ang                 0x080014eb    0xa4  Code  Gb  Servo.o [1]
pwm_max                 0x20000118    0x28  Data  Gb  Servo.o [1]
pwm_min                 0x200000f0    0x28  Data  Gb  Servo.o [1]
pwm_resolution          0x20000168    0x28  Data  Gb  Servo.o [1]
sem_name                0x20000190    0x28  Data  Gb  Servo.o [1]
servo_name              0x20000000    0x28  Data  Gb  Servo.o [1]
target_angle            0x20000050    0x28  Data  Gb  Servo.o [1]
target_pwm              0x200000c8    0x28  Data  Gb  Servo.o [1]


[1] = C:\Users\Administrator\Desktop\RobotArm\Project\IAR\Debug\Obj
[2] = command line
[3] = dl7M_tlf.a
[4] = m7M_tl.a
[5] = rt7M_tl.a
[6] = shb_l.a

  13 034 bytes of readonly  code memory
     974 bytes of readonly  data memory
  12 955 bytes of readwrite data memory

Errors: none
Warnings: none
