###############################################################################
#
# IAR ELF Linker V7.70.1.11437/W32 for ARM                31/Oct/2016  10:05:25
# Copyright 2007-2016 IAR Systems AB.
#
#    Output file  =  
#        C:\Users\Administrator\Desktop\RobotArm\Project\IAR\Release\Exe\RobotArm.out
#    Map file     =  
#        C:\Users\Administrator\Desktop\RobotArm\Project\IAR\Release\List\RobotArm.map
#    Command line =  
#        C:\Users\Administrator\Desktop\RobotArm\Project\IAR\Release\Obj\app.o
#        C:\Users\Administrator\Desktop\RobotArm\Project\IAR\Release\Obj\cpu_a.o
#        C:\Users\Administrator\Desktop\RobotArm\Project\IAR\Release\Obj\cpu_c.o
#        C:\Users\Administrator\Desktop\RobotArm\Project\IAR\Release\Obj\cpu_core.o
#        C:\Users\Administrator\Desktop\RobotArm\Project\IAR\Release\Obj\lib_ascii.o
#        C:\Users\Administrator\Desktop\RobotArm\Project\IAR\Release\Obj\lib_math.o
#        C:\Users\Administrator\Desktop\RobotArm\Project\IAR\Release\Obj\lib_mem.o
#        C:\Users\Administrator\Desktop\RobotArm\Project\IAR\Release\Obj\lib_mem_a.o
#        C:\Users\Administrator\Desktop\RobotArm\Project\IAR\Release\Obj\lib_str.o
#        C:\Users\Administrator\Desktop\RobotArm\Project\IAR\Release\Obj\misc.o
#        C:\Users\Administrator\Desktop\RobotArm\Project\IAR\Release\Obj\os_core.o
#        C:\Users\Administrator\Desktop\RobotArm\Project\IAR\Release\Obj\os_cpu_a.o
#        C:\Users\Administrator\Desktop\RobotArm\Project\IAR\Release\Obj\os_cpu_c.o
#        C:\Users\Administrator\Desktop\RobotArm\Project\IAR\Release\Obj\os_dbg_r.o
#        C:\Users\Administrator\Desktop\RobotArm\Project\IAR\Release\Obj\os_flag.o
#        C:\Users\Administrator\Desktop\RobotArm\Project\IAR\Release\Obj\os_mbox.o
#        C:\Users\Administrator\Desktop\RobotArm\Project\IAR\Release\Obj\os_mem.o
#        C:\Users\Administrator\Desktop\RobotArm\Project\IAR\Release\Obj\os_mutex.o
#        C:\Users\Administrator\Desktop\RobotArm\Project\IAR\Release\Obj\os_q.o
#        C:\Users\Administrator\Desktop\RobotArm\Project\IAR\Release\Obj\os_sem.o
#        C:\Users\Administrator\Desktop\RobotArm\Project\IAR\Release\Obj\os_task.o
#        C:\Users\Administrator\Desktop\RobotArm\Project\IAR\Release\Obj\os_time.o
#        C:\Users\Administrator\Desktop\RobotArm\Project\IAR\Release\Obj\os_tmr.o
#        C:\Users\Administrator\Desktop\RobotArm\Project\IAR\Release\Obj\RobotArmCtrlBoard.o
#        C:\Users\Administrator\Desktop\RobotArm\Project\IAR\Release\Obj\Servo.o
#        C:\Users\Administrator\Desktop\RobotArm\Project\IAR\Release\Obj\startup_stm32f10x_md.o
#        C:\Users\Administrator\Desktop\RobotArm\Project\IAR\Release\Obj\stm32f10x_dbgmcu.o
#        C:\Users\Administrator\Desktop\RobotArm\Project\IAR\Release\Obj\stm32f10x_gpio.o
#        C:\Users\Administrator\Desktop\RobotArm\Project\IAR\Release\Obj\stm32f10x_it.o
#        C:\Users\Administrator\Desktop\RobotArm\Project\IAR\Release\Obj\stm32f10x_rcc.o
#        C:\Users\Administrator\Desktop\RobotArm\Project\IAR\Release\Obj\stm32f10x_tim.o
#        C:\Users\Administrator\Desktop\RobotArm\Project\IAR\Release\Obj\stm32f10x_usart.o
#        C:\Users\Administrator\Desktop\RobotArm\Project\IAR\Release\Obj\system_stm32f10x.o
#        -o
#        C:\Users\Administrator\Desktop\RobotArm\Project\IAR\Release\Exe\RobotArm.out
#        --map
#        C:\Users\Administrator\Desktop\RobotArm\Project\IAR\Release\List\RobotArm.map
#        --config "C:\Program Files (x86)\IAR Systems\Embedded Workbench
#        7.5\arm\config\linker\ST\stm32f103x8.icf" --entry __iar_program_start
#        --inline --vfe
#
###############################################################################

*******************************************************************************
*** RUNTIME MODEL ATTRIBUTES
***

CppFlavor       = *
__SystemLibrary = DLib


*******************************************************************************
*** PLACEMENT SUMMARY
***

"A0":  place at 0x08000000 { ro section .intvec };
"P1":  place in [from 0x08000000 to 0x0800ffff] { ro };
"P2":  place in [from 0x20000000 to 0x20004fff] { rw, block CSTACK, block HEAP };
initialize by copy { rw };

  Section            Kind        Address    Size  Object
  -------            ----        -------    ----  ------
"A0":                                       0xec
  .intvec            ro code  0x08000000    0xec  startup_stm32f10x_md.o [1]
                            - 0x080000ec    0xec

"P1":                                     0x2ef6
  .text              ro code  0x080000ec   0x708  os_core.o [1]
  CODE               ro code  0x080007f4    0xd0  os_cpu_a.o [1]
  .text              ro code  0x080008c4   0x100  os_cpu_c.o [1]
  .text              ro code  0x080009c4     0x6  ABImemclr.o [5]
  .text              ro code  0x080009cc     0x6  ABImemclr4.o [5]
  .text              ro code  0x080009d4   0x362  os_flag.o [1]
  .text              ro code  0x08000d38   0x310  os_task.o [1]
  .text              ro code  0x08001048    0xc4  os_time.o [1]
  .text              ro code  0x0800110c    0x5e  ABImemset.o [5]
  .text              ro code  0x0800116c    0x32  ABImemset48.o [5]
  .text              ro code  0x080011a0   0x3c8  Servo.o [1]
  .text              ro code  0x08001568    0xc6  stm32f10x_usart.o [1]
  .text              ro code  0x08001630    0x30  I32ToDbl.o [4]
  .text              ro code  0x08001660   0x1a2  DblMul.o [4]
  .text              ro code  0x08001804    0xe8  DblAdd.o [4]
  .text              ro code  0x080018ec    0x90  DblToFlt.o [4]
  .text              ro code  0x0800197c    0x24  FltCmpLe.o [4]
  .text              ro code  0x080019a0    0xe6  FltSub.o [4]
  .text              ro code  0x08001a88    0xfc  FltDiv.o [4]
  .text              ro code  0x08001b84    0x2e  I32ToFlt.o [4]
  .text              ro code  0x08001bb4    0xd8  FltMul.o [4]
  .text              ro code  0x08001c8c    0x84  FltAdd.o [4]
  .text              ro code  0x08001d10    0x44  FltToS32.o [4]
  .text              ro code  0x08001d54    0x4e  FltToDbl.o [4]
  .text              ro code  0x08001da4   0x256  DblDiv.o [4]
  .text              ro code  0x08001ffc   0x15c  os_sem.o [1]
  .text              ro code  0x08002158   0x2fc  stm32f10x_tim.o [1]
  .text              ro code  0x08002454    0xb0  stm32f10x_rcc.o [1]
  .text              ro code  0x08002504   0x16c  DblSub.o [4]
  .text              ro code  0x08002670   0x268  RobotArmCtrlBoard.o [1]
  .text              ro code  0x080028d8    0xba  stm32f10x_gpio.o [1]
  .text              ro code  0x08002994   0x1cc  app.o [1]
  .text              ro code  0x08002b60    0xec  system_stm32f10x.o [1]
  .rodata            const    0x08002c4c    0xc8  Servo.o [1]
  .text              ro code  0x08002d14    0x78  lz77_init_single.o [5]
  .text              ro code  0x08002d8c    0x40  zero_init3.o [5]
  .text              ro code  0x08002dcc    0x28  data_init.o [5]
  .iar.init_table    const    0x08002df4    0x20  - Linker created -
  .text              ro code  0x08002e14    0x1a  cmain.o [5]
  .text              ro code  0x08002e2e     0x4  exit.o [3]
  .text              ro code  0x08002e34     0xa  cexit.o [5]
  .text              ro code  0x08002e40     0xc  XXexit.o [5]
  .text              ro code  0x08002e4c    0x10  startup_stm32f10x_md.o [1]
  .text              ro code  0x08002e5c     0xe  stm32f10x_it.o [1]
  .text              ro code  0x08002e6a     0xc  cstartup_M.o [5]
  .text              ro code  0x08002e76     0x4  startup_stm32f10x_md.o [1]
  .text              ro code  0x08002e7a     0x4  startup_stm32f10x_md.o [1]
  .text              ro code  0x08002e7e     0x4  startup_stm32f10x_md.o [1]
  .text              ro code  0x08002e82     0x4  startup_stm32f10x_md.o [1]
  .text              ro code  0x08002e86     0x4  startup_stm32f10x_md.o [1]
  .text              ro code  0x08002e8a     0x4  startup_stm32f10x_md.o [1]
  .text              ro code  0x08002e8e     0x4  startup_stm32f10x_md.o [1]
  .text              ro code  0x08002e92     0x4  startup_stm32f10x_md.o [1]
  .text              ro code  0x08002e96     0x4  startup_stm32f10x_md.o [1]
  .text              ro code  0x08002e9a     0x4  startup_stm32f10x_md.o [1]
  .text              ro code  0x08002e9e     0x4  startup_stm32f10x_md.o [1]
  .text              ro code  0x08002ea2     0x4  startup_stm32f10x_md.o [1]
  .text              ro code  0x08002ea6     0x4  startup_stm32f10x_md.o [1]
  .text              ro code  0x08002eaa     0x4  startup_stm32f10x_md.o [1]
  .text              ro code  0x08002eae     0x4  startup_stm32f10x_md.o [1]
  .text              ro code  0x08002eb2     0x4  startup_stm32f10x_md.o [1]
  .text              ro code  0x08002eb6     0x4  startup_stm32f10x_md.o [1]
  .text              ro code  0x08002eba     0x4  startup_stm32f10x_md.o [1]
  .text              ro code  0x08002ebe     0x4  startup_stm32f10x_md.o [1]
  .text              ro code  0x08002ec2     0x4  startup_stm32f10x_md.o [1]
  .text              ro code  0x08002ec6     0x4  startup_stm32f10x_md.o [1]
  .text              ro code  0x08002eca     0x4  startup_stm32f10x_md.o [1]
  .text              ro code  0x08002ece     0x4  startup_stm32f10x_md.o [1]
  .text              ro code  0x08002ed2     0x4  startup_stm32f10x_md.o [1]
  .text              ro code  0x08002ed6     0x4  startup_stm32f10x_md.o [1]
  .text              ro code  0x08002eda     0x4  startup_stm32f10x_md.o [1]
  .text              ro code  0x08002ede     0x4  startup_stm32f10x_md.o [1]
  .text              ro code  0x08002ee2     0x4  startup_stm32f10x_md.o [1]
  .text              ro code  0x08002ee6     0x4  startup_stm32f10x_md.o [1]
  .text              ro code  0x08002eea     0x4  startup_stm32f10x_md.o [1]
  .text              ro code  0x08002eee     0x4  startup_stm32f10x_md.o [1]
  .text              ro code  0x08002ef2     0x4  startup_stm32f10x_md.o [1]
  .text              ro code  0x08002ef6     0x4  startup_stm32f10x_md.o [1]
  .text              ro code  0x08002efa     0x4  startup_stm32f10x_md.o [1]
  .text              ro code  0x08002efe     0x4  startup_stm32f10x_md.o [1]
  .text              ro code  0x08002f02     0x4  startup_stm32f10x_md.o [1]
  .text              ro code  0x08002f06     0x4  startup_stm32f10x_md.o [1]
  .text              ro code  0x08002f0a     0x4  startup_stm32f10x_md.o [1]
  .text              ro code  0x08002f0e     0x4  startup_stm32f10x_md.o [1]
  .text              ro code  0x08002f12     0x4  startup_stm32f10x_md.o [1]
  .text              ro code  0x08002f16     0x4  startup_stm32f10x_md.o [1]
  .text              ro code  0x08002f1a     0x4  startup_stm32f10x_md.o [1]
  .text              ro code  0x08002f1e     0x4  startup_stm32f10x_md.o [1]
  .text              ro code  0x08002f22     0x4  startup_stm32f10x_md.o [1]
  .text              ro code  0x08002f26     0x4  startup_stm32f10x_md.o [1]
  .text              ro code  0x08002f2a     0x4  startup_stm32f10x_md.o [1]
  .text              ro code  0x08002f2e     0x4  startup_stm32f10x_md.o [1]
  .text              ro code  0x08002f32     0x4  startup_stm32f10x_md.o [1]
  .text              ro code  0x08002f36     0x4  startup_stm32f10x_md.o [1]
  .text              ro code  0x08002f3a     0x4  startup_stm32f10x_md.o [1]
  .text              ro code  0x08002f3e     0x4  startup_stm32f10x_md.o [1]
  .text              ro code  0x08002f42     0x4  startup_stm32f10x_md.o [1]
  .rodata            const    0x08002f46     0x0  zero_init3.o [5]
  .rodata            const    0x08002f46     0x0  lz77_init_single.o [5]
  Initializer bytes  const    0x08002f46    0x9c  <for P2-1>
                            - 0x08002fe2  0x2ef6

"P2", part 1 of 3:                         0x244
  P2-1                        0x20000000   0x244  <Init block>
    .data            inited   0x20000000    0x78  Servo.o [1]
    .data            inited   0x20000078    0x28  Servo.o [1]
    .data            inited   0x200000a0    0x50  Servo.o [1]
    .data            inited   0x200000f0    0x78  Servo.o [1]
    .data            inited   0x20000168    0x78  Servo.o [1]
    .data            inited   0x200001e0    0x28  Servo.o [1]
    .data            inited   0x20000208    0x28  Servo.o [1]
    .data            inited   0x20000230    0x14  stm32f10x_rcc.o [1]
                            - 0x20000244   0x244

"P2", part 2 of 3:                         0x800
  CSTACK                      0x20000248   0x800  <Block>
    CSTACK           uninit   0x20000248   0x800  <Block tail>
                            - 0x20000a48   0x800

"P2", part 3 of 3:                        0x2a84
  .bss               zero     0x20000a48  0x1604  app.o [1]
  .bss               zero     0x2000204c   0xd20  os_core.o [1]
  .bss               zero     0x20002d6c   0x404  os_cpu_c.o [1]
  .bss               zero     0x20003170   0x200  app.o [1]
  .bss               zero     0x20003370   0x100  os_core.o [1]
  .bss               zero     0x20003470    0x38  os_core.o [1]
  .bss               zero     0x200034a8    0x20  os_core.o [1]
  .bss               zero     0x200034c8     0x4  os_core.o [1]
                            - 0x200034cc  0x2a84


*******************************************************************************
*** INIT TABLE
***

          Address     Size
          -------     ----
Zero (__iar_zero_init3)
    1 destination range, total size 0x2a84:
          0x20000a48  0x2a84

Copy/lz77 (__iar_lz77_init_single3)
    1 source range, total size 0x9c (26% of destination):
          0x08002f46    0x9c
    1 destination range, total size 0x244:
          0x20000000   0x244



*******************************************************************************
*** MODULE SUMMARY
***

    Module                  ro code  ro data  rw data
    ------                  -------  -------  -------
C:\Users\Administrator\Desktop\RobotArm\Project\IAR\Release\Obj: [1]
    RobotArmCtrlBoard.o         616
    Servo.o                     968      350      560
    app.o                       460             6 148
    os_core.o                 1 800             3 708
    os_cpu_a.o                  208
    os_cpu_c.o                  256             1 028
    os_flag.o                   866
    os_sem.o                    348
    os_task.o                   784
    os_time.o                   196
    startup_stm32f10x_md.o      460
    stm32f10x_gpio.o            186
    stm32f10x_it.o               14
    stm32f10x_rcc.o             176        6       20
    stm32f10x_tim.o             764
    stm32f10x_usart.o           198
    system_stm32f10x.o          236
    -------------------------------------------------
    Total:                    8 536      356   11 464

command line: [2]
    -------------------------------------------------
    Total:

dl7M_tln.a: [3]
    exit.o                        4
    -------------------------------------------------
    Total:                        4

m7M_tl.a: [4]
    DblAdd.o                    232
    DblDiv.o                    598
    DblMul.o                    418
    DblSub.o                    364
    DblToFlt.o                  144
    FltAdd.o                    132
    FltCmpLe.o                   36
    FltDiv.o                    252
    FltMul.o                    216
    FltSub.o                    230
    FltToDbl.o                   78
    FltToS32.o                   68
    I32ToDbl.o                   48
    I32ToFlt.o                   46
    -------------------------------------------------
    Total:                    2 862

rt7M_tl.a: [5]
    ABImemclr.o                   6
    ABImemclr4.o                  6
    ABImemset.o                  94
    ABImemset48.o                50
    XXexit.o                     12
    cexit.o                      10
    cmain.o                      26
    cstartup_M.o                 12
    data_init.o                  40
    lz77_init_single.o          120
    zero_init3.o                 64
    -------------------------------------------------
    Total:                      440

    Gaps                         28
    Linker created                        32    2 048
-----------------------------------------------------
    Grand Total:             11 870      388   13 512


*******************************************************************************
*** ENTRY LIST
***

Entry                      Address    Size  Type      Object
-----                      -------    ----  ----      ------
.iar.init_table$$Base   0x08002df4           --   Gb  - Linker created -
.iar.init_table$$Limit  0x08002e14           --   Gb  - Linker created -
?main                   0x08002e15          Code  Gb  cmain.o [5]
ADCPrescTable           0x20000240     0x4  Data  Lc  stm32f10x_rcc.o [1]
APBAHBPrescTable        0x20000230    0x10  Data  Lc  stm32f10x_rcc.o [1]
App_TaskStart           0x080029e1   0x10a  Code  Lc  app.o [1]
App_TaskStartStk        0x20003170   0x200  Data  Lc  app.o [1]
App_Task_ServoMove      0x08002b31     0xc  Code  Lc  app.o [1]
App_Task_ServoMove_Stk  0x20000c4c  0x1400  Data  Lc  app.o [1]
App_Task_ServoUpdate    0x08002aed    0x26  Code  Lc  app.o [1]
App_Task_ServoUpdate_Stk
                        0x20000a4c   0x200  Data  Lc  app.o [1]
BSP_Init                0x080028c9    0x10  Code  Gb  RobotArmCtrlBoard.o [1]
BusFault_Handler        0x08002e63     0x2  Code  Gb  stm32f10x_it.o [1]
CSTACK$$Base            0x20000248           --   Gb  - Linker created -
CSTACK$$Limit           0x20000a48           --   Gb  - Linker created -
DebugMon_Handler        0x08002e69     0x2  Code  Gb  stm32f10x_it.o [1]
GPIO_Init               0x080028d9    0xba  Code  Gb  stm32f10x_gpio.o [1]
HardFault_Handler       0x08002e5f     0x2  Code  Gb  stm32f10x_it.o [1]
LED_Init                0x0800287d    0x36  Code  Gb  RobotArmCtrlBoard.o [1]
MemManage_Handler       0x08002e61     0x2  Code  Gb  stm32f10x_it.o [1]
NMI_Handler             0x08002e5d     0x2  Code  Gb  stm32f10x_it.o [1]
OSCPUUsage              0x20003470     0x1  Data  Gb  os_core.o [1]
OSCtxSw                 0x08000859          Code  Gb  os_cpu_a.o [1]
OSCtxSwCtr              0x20003484     0x4  Data  Gb  os_core.o [1]
OSEventFreeList         0x20002968     0x4  Data  Gb  os_core.o [1]
OSEventNameSet          0x080000ed    0x30  Code  Gb  os_core.o [1]
OSEventTbl              0x20002050   0x1e0  Data  Gb  os_core.o [1]
OSFlagCreate            0x080009d5    0x4a  Code  Gb  os_flag.o [1]
OSFlagFreeList          0x200034c8     0x4  Data  Gb  os_core.o [1]
OSFlagNameSet           0x08000a1f    0x32  Code  Gb  os_flag.o [1]
OSFlagPend              0x08000a55   0x122  Code  Gb  os_flag.o [1]
OSFlagPost              0x08000b7d    0xf6  Code  Gb  os_flag.o [1]
OSFlagTbl               0x200034a8    0x20  Data  Gb  os_core.o [1]
OSIdleCtr               0x20003490     0x4  Data  Gb  os_core.o [1]
OSIdleCtrMax            0x20003488     0x4  Data  Gb  os_core.o [1]
OSIdleCtrRun            0x2000348c     0x4  Data  Gb  os_core.o [1]
OSInit                  0x0800011d   0x158  Code  Gb  os_core.o [1]
OSInitHookBegin         0x080008c5    0x1a  Code  Gb  os_cpu_c.o [1]
OSIntCtxSw              0x08000861          Code  Gb  os_cpu_a.o [1]
OSIntEnter              0x08000275    0x16  Code  Gb  os_core.o [1]
OSIntExit               0x0800028b    0x66  Code  Gb  os_core.o [1]
OSIntNesting            0x20003472     0x1  Data  Gb  os_core.o [1]
OSLockNesting           0x20003473     0x1  Data  Gb  os_core.o [1]
OSPrioCur               0x20003474     0x1  Data  Gb  os_core.o [1]
OSPrioHighRdy           0x20003475     0x1  Data  Gb  os_core.o [1]
OSRdyGrp                0x20003476     0x1  Data  Gb  os_core.o [1]
OSRdyTbl                0x2000347c     0x8  Data  Gb  os_core.o [1]
OSRunning               0x20003477     0x1  Data  Gb  os_core.o [1]
OSSemCreate             0x08001ffd    0x3c  Code  Gb  os_sem.o [1]
OSSemPend               0x08002039    0xb4  Code  Gb  os_sem.o [1]
OSSemPost               0x08002107    0x52  Code  Gb  os_sem.o [1]
OSStart                 0x080002f1    0x32  Code  Gb  os_core.o [1]
OSStartHighRdy          0x08000803          Code  Gb  os_cpu_a.o [1]
OSStatInit              0x08000323    0x2a  Code  Gb  os_core.o [1]
OSStatRdy               0x20003471     0x1  Data  Gb  os_core.o [1]
OSTCBCur                0x20003494     0x4  Data  Gb  os_core.o [1]
OSTCBFreeList           0x20003498     0x4  Data  Gb  os_core.o [1]
OSTCBHighRdy            0x2000349c     0x4  Data  Gb  os_core.o [1]
OSTCBList               0x200034a0     0x4  Data  Gb  os_core.o [1]
OSTCBPrioTbl            0x20003370   0x100  Data  Gb  os_core.o [1]
OSTCBTbl                0x20002230   0x738  Data  Gb  os_core.o [1]
OSTaskCreateExt         0x08000d39    0x9a  Code  Gb  os_task.o [1]
OSTaskCtr               0x20003478     0x1  Data  Gb  os_core.o [1]
OSTaskDel               0x08000dd9   0x11c  Code  Gb  os_task.o [1]
OSTaskDelHook           0x080008df     0x2  Code  Gb  os_cpu_c.o [1]
OSTaskIdleStk           0x20002b6c   0x200  Data  Gb  os_core.o [1]
OSTaskNameSet           0x08000ef5    0x44  Code  Gb  os_task.o [1]
OSTaskRegNextAvailID    0x2000204c     0x1  Data  Gb  os_core.o [1]
OSTaskStatStk           0x2000296c   0x200  Data  Gb  os_core.o [1]
OSTaskStkChk            0x08000f39    0x60  Code  Gb  os_task.o [1]
OSTaskStkInit           0x080008e1    0x88  Code  Gb  os_cpu_c.o [1]
OSTaskSuspend           0x08000f99    0x66  Code  Gb  os_task.o [1]
OSTickStepState         0x20003479     0x1  Data  Gb  os_core.o [1]
OSTime                  0x200034a4     0x4  Data  Gb  os_core.o [1]
OSTimeDly               0x08001049    0x48  Code  Gb  os_time.o [1]
OSTimeDlyHMSM           0x08001091    0x68  Code  Gb  os_time.o [1]
OSTimeTick              0x08000355    0x8c  Code  Gb  os_core.o [1]
OSTimeTickHook          0x08000969     0x2  Code  Gb  os_cpu_c.o [1]
OSUnMapTbl              0x080006f4   0x100  Data  Gb  os_core.o [1]
OS_CPU_ExceptStk        0x20002d70   0x400  Data  Gb  os_cpu_c.o [1]
OS_CPU_ExceptStkBase    0x20002d6c     0x4  Data  Gb  os_cpu_c.o [1]
OS_CPU_SR_Restore       0x080007fd          Code  Gb  os_cpu_a.o [1]
OS_CPU_SR_Save          0x080007f5          Code  Gb  os_cpu_a.o [1]
OS_CPU_SysTickInit      0x08000989    0x2a  Code  Gb  os_cpu_c.o [1]
OS_Dummy                0x080003e1     0x2  Code  Gb  os_core.o [1]
OS_EventTaskRdy         0x080003e3    0x60  Code  Gb  os_core.o [1]
OS_EventTaskRemove      0x0800048f    0x22  Code  Gb  os_core.o [1]
OS_EventTaskRemoveMulti
                        0x080004b1    0x2c  Code  Gb  os_core.o [1]
OS_EventTaskWait        0x08000449    0x46  Code  Gb  os_core.o [1]
OS_EventWaitListInit    0x080004dd     0xc  Code  Gb  os_core.o [1]
OS_FlagBlock            0x08000c73    0x5e  Code  Lc  os_flag.o [1]
OS_FlagInit             0x08000cd1    0x28  Code  Gb  os_flag.o [1]
OS_FlagUnlink           0x08000d19    0x1e  Code  Gb  os_flag.o [1]
OS_MemClr               0x080004e9     0xa  Code  Gb  os_core.o [1]
OS_Sched                0x080004f3    0x4a  Code  Gb  os_core.o [1]
OS_TCBInit              0x080005ef    0xd6  Code  Gb  os_core.o [1]
OS_TaskIdle             0x0800053d    0x18  Code  Gb  os_core.o [1]
OS_TaskReturn           0x0800100d    0x12  Code  Gb  os_task.o [1]
OS_TaskStat             0x08000555    0x64  Code  Gb  os_core.o [1]
OS_TaskStatStkChk       0x080005b9    0x36  Code  Gb  os_core.o [1]
PendSV_Handler          0x08000869          Code  Gb  os_cpu_a.o [1]
RCC_APB1PeriphClockCmd  0x080024db    0x12  Code  Gb  stm32f10x_rcc.o [1]
RCC_APB2PeriphClockCmd  0x080024c9    0x12  Code  Gb  stm32f10x_rcc.o [1]
RCC_GetClocksFreq       0x08002455    0x74  Code  Gb  stm32f10x_rcc.o [1]
Region$$Table$$Base     0x08002df4           --   Gb  - Linker created -
Region$$Table$$Limit    0x08002e14           --   Gb  - Linker created -
SVC_Handler             0x08002e67     0x2  Code  Gb  stm32f10x_it.o [1]
SemApply                0x20000050    0x28  Data  Gb  Servo.o [1]
ServoModify             0x20000a48     0x4  Data  Gb  app.o [1]
Servo_InitMove          0x080014d1    0x1e  Code  Gb  Servo.o [1]
Servo_Run               0x080014ef    0x48  Code  Gb  Servo.o [1]
SysTick_Handler         0x0800096b    0x1e  Code  Gb  os_cpu_c.o [1]
SystemInit              0x08002b61    0xd8  Code  Gb  system_stm32f10x.o [1]
TIM_ARRPreloadConfig    0x080023c9    0x14  Code  Gb  stm32f10x_tim.o [1]
TIM_Cmd                 0x0800239f    0x14  Code  Gb  stm32f10x_tim.o [1]
TIM_CtrlPWMOutputs      0x080023b3    0x10  Code  Gb  stm32f10x_tim.o [1]
TIM_OC1Init             0x080021e7    0x80  Code  Gb  stm32f10x_tim.o [1]
TIM_OC1PreloadConfig    0x080023dd     0x6  Code  Gb  stm32f10x_tim.o [1]
TIM_OC2Init             0x08002267    0x70  Code  Gb  stm32f10x_tim.o [1]
TIM_OC2PreloadConfig    0x080023eb     0x6  Code  Gb  stm32f10x_tim.o [1]
TIM_OC3Init             0x080022d7    0x6c  Code  Gb  stm32f10x_tim.o [1]
TIM_OC3PreloadConfig    0x080023fb     0x6  Code  Gb  stm32f10x_tim.o [1]
TIM_OC4Init             0x08002349    0x56  Code  Gb  stm32f10x_tim.o [1]
TIM_OC4PreloadConfig    0x08002409     0x6  Code  Gb  stm32f10x_tim.o [1]
TIM_PWM_Init            0x08002671   0x194  Code  Gb  RobotArmCtrlBoard.o [1]
TIM_SetCompare1         0x08002419     0x4  Code  Gb  stm32f10x_tim.o [1]
TIM_SetCompare2         0x0800241d     0x4  Code  Gb  stm32f10x_tim.o [1]
TIM_SetCompare3         0x08002421     0x4  Code  Gb  stm32f10x_tim.o [1]
TIM_SetCompare4         0x08002425     0x6  Code  Gb  stm32f10x_tim.o [1]
TIM_TimeBaseInit        0x08002159    0x8e  Code  Gb  stm32f10x_tim.o [1]
UART_COM_Init           0x08002805    0x78  Code  Gb  RobotArmCtrlBoard.o [1]
USART_Cmd               0x08001605    0x14  Code  Gb  stm32f10x_usart.o [1]
USART_GetFlagStatus     0x08001621     0xe  Code  Gb  stm32f10x_usart.o [1]
USART_Init              0x08001569    0x96  Code  Gb  stm32f10x_usart.o [1]
USART_ReceiveData       0x08001619     0x8  Code  Gb  stm32f10x_usart.o [1]
UsageFault_Handler      0x08002e65     0x2  Code  Gb  stm32f10x_it.o [1]
__aeabi_cfcmple         0x0800197d          Code  Gb  FltCmpLe.o [4]
__aeabi_d2f             0x080018ed          Code  Gb  DblToFlt.o [4]
__aeabi_dadd            0x08001805          Code  Gb  DblAdd.o [4]
__aeabi_ddiv            0x08001da5          Code  Gb  DblDiv.o [4]
__aeabi_dmul            0x08001661          Code  Gb  DblMul.o [4]
__aeabi_f2d             0x08001d55          Code  Gb  FltToDbl.o [4]
__aeabi_f2iz            0x08001d11          Code  Gb  FltToS32.o [4]
__aeabi_fadd            0x08001c8d          Code  Gb  FltAdd.o [4]
__aeabi_fdiv            0x08001a89          Code  Gb  FltDiv.o [4]
__aeabi_fmul            0x08001bb5          Code  Gb  FltMul.o [4]
__aeabi_fsub            0x080019a1          Code  Gb  FltSub.o [4]
__aeabi_i2d             0x08001631          Code  Gb  I32ToDbl.o [4]
__aeabi_i2f             0x08001b85          Code  Gb  I32ToFlt.o [4]
__aeabi_memclr          0x080009c5          Code  Gb  ABImemclr.o [5]
__aeabi_memclr4         0x080009cd          Code  Gb  ABImemclr4.o [5]
__aeabi_ui2d            0x08001645          Code  Gb  I32ToDbl.o [4]
__cmain                 0x08002e15          Code  Gb  cmain.o [5]
__exit                  0x08002e41          Code  Gb  XXexit.o [5]
__iar_Memset4_word      0x0800116d          Code  Gb  ABImemset48.o [5]
__iar_Memset8_word      0x0800116d          Code  Gb  ABImemset48.o [5]
__iar_Memset_word       0x0800110d          Code  Gb  ABImemset.o [5]
__iar_dadd              0x08001819          Code  Gb  DblAdd.o [4]
__iar_data_init3        0x08002dcd    0x28  Code  Gb  data_init.o [5]
__iar_dsub              0x08002505          Code  Gb  DblSub.o [4]
__iar_dsubStart         0x08002517          Code  Gb  DblSub.o [4]
__iar_fadd              0x08001c9d          Code  Gb  FltAdd.o [4]
__iar_fsub              0x080019b1          Code  Gb  FltSub.o [4]
__iar_fsubStart         0x080019c1          Code  Gb  FltSub.o [4]
__iar_lz77_init_single3
                        0x08002d15    0x78  Code  Gb  lz77_init_single.o [5]
__iar_program_start     0x08002e6b          Code  Gb  cstartup_M.o [5]
__iar_ui2d              0x08001649          Code  Gb  I32ToDbl.o [4]
__iar_ui2f              0x08001b99          Code  Gb  I32ToFlt.o [4]
__iar_zero_init3        0x08002d8d    0x40  Code  Gb  zero_init3.o [5]
__vector_table          0x08000000          Data  Gb  startup_stm32f10x_md.o [1]
_call_main              0x08002e21          Code  Gb  cmain.o [5]
_exit                   0x08002e35          Code  Gb  cexit.o [5]
_main                   0x08002e2b          Code  Gb  cmain.o [5]
advance_one             0x0800140d    0x30  Code  Gb  Servo.o [1]
ang_max                 0x20000118    0x28  Data  Gb  Servo.o [1]
ang_min                 0x200000f0    0x28  Data  Gb  Servo.o [1]
angle                   0x20000000    0x28  Data  Gb  Servo.o [1]
angle2pwm               0x08001295    0x82  Code  Gb  Servo.o [1]
cur_angle               0x200000a0    0x28  Data  Gb  Servo.o [1]
cur_pwm                 0x20000168    0x28  Data  Gb  Servo.o [1]
exit                    0x08002e2f     0x4  Code  Gb  exit.o [3]
gap                     0x200001b8    0x28  Data  Gb  Servo.o [1]
main                    0x08002995    0x4c  Code  Gb  app.o [1]
move                    0x08001399    0x72  Code  Gb  Servo.o [1]
pos_update              0x0800143d    0x94  Code  Gb  Servo.o [1]
pwm2ang                 0x08001317    0x82  Code  Gb  Servo.o [1]
pwm_max                 0x200000c8    0x28  Data  Gb  Servo.o [1]
pwm_min                 0x20000140    0x28  Data  Gb  Servo.o [1]
pwm_resolution          0x200001e0    0x28  Data  Gb  Servo.o [1]
recv_cmd                0x080011a1    0xee  Code  Gb  Servo.o [1]
sem_name                0x20000208    0x28  Data  Gb  Servo.o [1]
servo_name              0x20000078    0x28  Data  Gb  Servo.o [1]
target_angle            0x20000028    0x28  Data  Gb  Servo.o [1]
target_pwm              0x20000190    0x28  Data  Gb  Servo.o [1]


[1] = C:\Users\Administrator\Desktop\RobotArm\Project\IAR\Release\Obj
[2] = command line
[3] = dl7M_tln.a
[4] = m7M_tl.a
[5] = rt7M_tl.a

  11 870 bytes of readonly  code memory
     388 bytes of readonly  data memory
  13 512 bytes of readwrite data memory

Errors: none
Warnings: none
